Archive member included because of file (symbol)

/home/yura/Projects/EclipseArduinoMega2560Template/ArduinoCoreLibrary/Mega2560/libArduinoCoreLibrary.a(HardwareSerial.o)
                              ./main.o (Serial)
/home/yura/Projects/EclipseArduinoMega2560Template/ArduinoCoreLibrary/Mega2560/libArduinoCoreLibrary.a(Print.o)
                              /home/yura/Projects/EclipseArduinoMega2560Template/ArduinoCoreLibrary/Mega2560/libArduinoCoreLibrary.a(HardwareSerial.o) (_ZN5Print5writeEPKhj)
/home/yura/Projects/EclipseArduinoMega2560Template/ArduinoCoreLibrary/Mega2560/libArduinoCoreLibrary.a(WString.o)
                              /home/yura/Projects/EclipseArduinoMega2560Template/ArduinoCoreLibrary/Mega2560/libArduinoCoreLibrary.a(Print.o) (_ZNK6StringixEj)
/home/yura/Projects/EclipseArduinoMega2560Template/ArduinoCoreLibrary/Mega2560/libArduinoCoreLibrary.a(main.o)
                              /usr/lib/gcc/avr/4.7.0/../../../avr/lib/avr6/crtm2560.o (main)
/home/yura/Projects/EclipseArduinoMega2560Template/ArduinoCoreLibrary/Mega2560/libArduinoCoreLibrary.a(new.o)
                              /home/yura/Projects/EclipseArduinoMega2560Template/ArduinoCoreLibrary/Mega2560/libArduinoCoreLibrary.a(HardwareSerial.o) (__cxa_pure_virtual)
/home/yura/Projects/EclipseArduinoMega2560Template/ArduinoCoreLibrary/Mega2560/libArduinoCoreLibrary.a(wiring.o)
                              ./main.o (delay)
/usr/lib/gcc/avr/4.7.0/avr6/libgcc.a(_udivmodsi4.o)
                              /home/yura/Projects/EclipseArduinoMega2560Template/ArduinoCoreLibrary/Mega2560/libArduinoCoreLibrary.a(HardwareSerial.o) (__udivmodsi4)
/usr/lib/gcc/avr/4.7.0/avr6/libgcc.a(_exit.o)
                              /usr/lib/gcc/avr/4.7.0/../../../avr/lib/avr6/crtm2560.o (exit)
/usr/lib/gcc/avr/4.7.0/avr6/libgcc.a(_copy_data.o)
                              ./main.o (__do_copy_data)
/usr/lib/gcc/avr/4.7.0/avr6/libgcc.a(_clear_bss.o)
                              /home/yura/Projects/EclipseArduinoMega2560Template/ArduinoCoreLibrary/Mega2560/libArduinoCoreLibrary.a(HardwareSerial.o) (__do_clear_bss)
/usr/lib/gcc/avr/4.7.0/avr6/libgcc.a(_ctors.o)
                              /home/yura/Projects/EclipseArduinoMega2560Template/ArduinoCoreLibrary/Mega2560/libArduinoCoreLibrary.a(HardwareSerial.o) (__do_global_ctors)
/usr/lib/gcc/avr/4.7.0/avr6/libgcc.a(_fixunssfsi.o)
                              /home/yura/Projects/EclipseArduinoMega2560Template/ArduinoCoreLibrary/Mega2560/libArduinoCoreLibrary.a(Print.o) (__fixunssfsi)
/usr/lib/gcc/avr/4.7.0/avr6/libgcc.a(_addsub_sf.o)
                              /home/yura/Projects/EclipseArduinoMega2560Template/ArduinoCoreLibrary/Mega2560/libArduinoCoreLibrary.a(Print.o) (__addsf3)
/usr/lib/gcc/avr/4.7.0/avr6/libgcc.a(_mul_sf.o)
                              /home/yura/Projects/EclipseArduinoMega2560Template/ArduinoCoreLibrary/Mega2560/libArduinoCoreLibrary.a(Print.o) (__mulsf3)
/usr/lib/gcc/avr/4.7.0/avr6/libgcc.a(_div_sf.o)
                              /home/yura/Projects/EclipseArduinoMega2560Template/ArduinoCoreLibrary/Mega2560/libArduinoCoreLibrary.a(Print.o) (__divsf3)
/usr/lib/gcc/avr/4.7.0/avr6/libgcc.a(_gt_sf.o)
                              /home/yura/Projects/EclipseArduinoMega2560Template/ArduinoCoreLibrary/Mega2560/libArduinoCoreLibrary.a(Print.o) (__gtsf2)
/usr/lib/gcc/avr/4.7.0/avr6/libgcc.a(_ge_sf.o)
                              /usr/lib/gcc/avr/4.7.0/avr6/libgcc.a(_fixunssfsi.o) (__gesf2)
/usr/lib/gcc/avr/4.7.0/avr6/libgcc.a(_lt_sf.o)
                              /home/yura/Projects/EclipseArduinoMega2560Template/ArduinoCoreLibrary/Mega2560/libArduinoCoreLibrary.a(Print.o) (__ltsf2)
/usr/lib/gcc/avr/4.7.0/avr6/libgcc.a(_le_sf.o)
                              /home/yura/Projects/EclipseArduinoMega2560Template/ArduinoCoreLibrary/Mega2560/libArduinoCoreLibrary.a(Print.o) (__lesf2)
/usr/lib/gcc/avr/4.7.0/avr6/libgcc.a(_unord_sf.o)
                              /home/yura/Projects/EclipseArduinoMega2560Template/ArduinoCoreLibrary/Mega2560/libArduinoCoreLibrary.a(Print.o) (__unordsf2)
/usr/lib/gcc/avr/4.7.0/avr6/libgcc.a(_si_to_sf.o)
                              /home/yura/Projects/EclipseArduinoMega2560Template/ArduinoCoreLibrary/Mega2560/libArduinoCoreLibrary.a(Print.o) (__floatsisf)
/usr/lib/gcc/avr/4.7.0/avr6/libgcc.a(_sf_to_si.o)
                              /home/yura/Projects/EclipseArduinoMega2560Template/ArduinoCoreLibrary/Mega2560/libArduinoCoreLibrary.a(Print.o) (__fixsfsi)
/usr/lib/gcc/avr/4.7.0/avr6/libgcc.a(_thenan_sf.o)
                              /usr/lib/gcc/avr/4.7.0/avr6/libgcc.a(_addsub_sf.o) (__thenan_sf)
/usr/lib/gcc/avr/4.7.0/avr6/libgcc.a(_usi_to_sf.o)
                              /home/yura/Projects/EclipseArduinoMega2560Template/ArduinoCoreLibrary/Mega2560/libArduinoCoreLibrary.a(Print.o) (__floatunsisf)
/usr/lib/gcc/avr/4.7.0/avr6/libgcc.a(_prologue.o)
                              /usr/lib/gcc/avr/4.7.0/avr6/libgcc.a(_addsub_sf.o) (__prologue_saves__)
[...]
Memory Configuration

Name             Origin             Length             Attributes
text             0x0000000000000000 0x0000000000100000 xr
data             0x0000000000800200 0x000000000000fe00 rw !x
eeprom           0x0000000000810000 0x0000000000010000 rw !x
fuse             0x0000000000820000 0x0000000000000400 rw !x
lock             0x0000000000830000 0x0000000000000400 rw !x
signature        0x0000000000840000 0x0000000000000400 rw !x
*default*        0x0000000000000000 0xffffffffffffffff

Linker script and memory map

Address of section .data set to 0x800200
LOAD /usr/lib/gcc/avr/4.7.0/../../../avr/lib/avr6/crtm2560.o
LOAD ./main.o
LOAD /home/yura/Projects/EclipseArduinoMega2560Template/ArduinoCoreLibrary/Mega2560/libArduinoCoreLibrary.a
LOAD /usr/lib/gcc/avr/4.7.0/avr6/libgcc.a
LOAD /usr/lib/gcc/avr/4.7.0/../../../avr/lib/avr6/libm.a
LOAD /usr/lib/gcc/avr/4.7.0/avr6/libgcc.a
LOAD /usr/lib/gcc/avr/4.7.0/../../../avr/lib/avr6/libc.a
LOAD /usr/lib/gcc/avr/4.7.0/avr6/libgcc.a

.hash
 *(.hash)

.dynsym
 *(.dynsym)

.dynstr
 *(.dynstr)

.gnu.version
 *(.gnu.version)

.gnu.version_d
 *(.gnu.version_d)

.gnu.version_r
 *(.gnu.version_r)

.rel.init
 *(.rel.init)

.rela.init
 *(.rela.init)

.rel.text
 *(.rel.text)
 *(.rel.text.*)
 *(.rel.gnu.linkonce.t*)

.rela.text
 *(.rela.text)
 *(.rela.text.*)
 *(.rela.gnu.linkonce.t*)

.rel.fini
 *(.rel.fini)

.rela.fini
 *(.rela.fini)

.rel.rodata
 *(.rel.rodata)
 *(.rel.rodata.*)
 *(.rel.gnu.linkonce.r*)

.rela.rodata
 *(.rela.rodata)
 *(.rela.rodata.*)
 *(.rela.gnu.linkonce.r*)

.rel.data
 *(.rel.data)
 *(.rel.data.*)
 *(.rel.gnu.linkonce.d*)

.rela.data
 *(.rela.data)
 *(.rela.data.*)
 *(.rela.gnu.linkonce.d*)

.rel.ctors
 *(.rel.ctors)

.rela.ctors
 *(.rela.ctors)

.rel.dtors
 *(.rel.dtors)

.rela.dtors
 *(.rela.dtors)

.rel.got
 *(.rel.got)

.rela.got
 *(.rela.got)

.rel.bss
 *(.rel.bss)

.rela.bss
 *(.rela.bss)

.rel.plt
 *(.rel.plt)

.rela.plt
 *(.rela.plt)

.text           0x0000000000000000      0xd70
 *(.vectors)
 .vectors       0x0000000000000000       0xe4 /usr/lib/gcc/avr/4.7.0/../../../avr/lib/avr6/crtm2560.o
                0x0000000000000000                __vectors
                0x0000000000000000                __vector_default
 *(.vectors)
 *(.progmem.gcc*)
 *(.progmem*)
                0x00000000000000e4                . = ALIGN (0x2)
                0x00000000000000e4                __trampolines_start = .
 *(.trampolines)
 .trampolines   0x00000000000000e4        0x0 linker stubs
 *(.trampolines*)
                0x00000000000000e4                __trampolines_end = .
 *(.jumptables)
 *(.jumptables*)
 *(.lowtext)
 *(.lowtext*)
                0x00000000000000e4                __ctors_start = .
 *(.ctors)
 .ctors         0x00000000000000e4        0x2 /home/yura/Projects/EclipseArduinoMega2560Template/ArduinoCoreLibrary/Mega2560/libArduinoCoreLibrary.a(HardwareSerial.o)
                0x00000000000000e6                __ctors_end = .
                0x00000000000000e6                __dtors_start = .
 *(.dtors)
                0x00000000000000e6                __dtors_end = .
 SORT(*)(.ctors)
 SORT(*)(.dtors)
 *(.init0)
 .init0         0x00000000000000e6        0x0 /usr/lib/gcc/avr/4.7.0/../../../avr/lib/avr6/crtm2560.o
                0x00000000000000e6                __init
 *(.init0)
 *(.init1)
 *(.init1)
 *(.init2)
 .init2         0x00000000000000e6       0x10 /usr/lib/gcc/avr/4.7.0/../../../avr/lib/avr6/crtm2560.o
 *(.init2)
 *(.init3)
 *(.init3)
 *(.init4)
 .init4         0x00000000000000f6       0x1a /usr/lib/gcc/avr/4.7.0/avr6/libgcc.a(_copy_data.o)
                0x00000000000000f6                __do_copy_data
 .init4         0x0000000000000110       0x10 /usr/lib/gcc/avr/4.7.0/avr6/libgcc.a(_clear_bss.o)
                0x0000000000000110                __do_clear_bss
 *(.init4)
 *(.init5)
 *(.init5)
 *(.init6)
 .init6         0x0000000000000120       0x20 /usr/lib/gcc/avr/4.7.0/avr6/libgcc.a(_ctors.o)
                0x0000000000000120                __do_global_ctors
 *(.init6)
 *(.init7)
 *(.init7)
 *(.init8)
 *(.init8)
 *(.init9)
 .init9         0x0000000000000140        0x8 /usr/lib/gcc/avr/4.7.0/../../../avr/lib/avr6/crtm2560.o
 *(.init9)
 *(.text)
 .text          0x0000000000000148        0x4 /usr/lib/gcc/avr/4.7.0/../../../avr/lib/avr6/crtm2560.o
                0x0000000000000148                __vector_38
                0x0000000000000148                __vector_22
                0x0000000000000148                __vector_28
                0x0000000000000148                __vector_1
                0x0000000000000148                __vector_32
                0x0000000000000148                __vector_34
                0x0000000000000148                __vector_24
                0x0000000000000148                __vector_12
                0x0000000000000148                __vector_46
                0x0000000000000148                __bad_interrupt
                0x0000000000000148                __vector_6
                0x0000000000000148                __vector_31
                0x0000000000000148                __vector_35
                0x0000000000000148                __vector_39
                0x0000000000000148                __vector_3
                0x0000000000000148                __vector_30
                0x0000000000000148                __vector_45
                0x0000000000000148                __vector_11
                0x0000000000000148                __vector_13
                0x0000000000000148                __vector_17
                0x0000000000000148                __vector_19
                0x0000000000000148                __vector_56
                0x0000000000000148                __vector_7
                0x0000000000000148                __vector_49
                0x0000000000000148                __vector_41
                0x0000000000000148                __vector_43
                0x0000000000000148                __vector_27
                0x0000000000000148                __vector_5
                0x0000000000000148                __vector_33
                0x0000000000000148                __vector_47
                0x0000000000000148                __vector_4
                0x0000000000000148                __vector_44
                0x0000000000000148                __vector_9
                0x0000000000000148                __vector_2
                0x0000000000000148                __vector_21
                0x0000000000000148                __vector_15
                0x0000000000000148                __vector_29
                0x0000000000000148                __vector_40
                0x0000000000000148                __vector_8
                0x0000000000000148                __vector_48
                0x0000000000000148                __vector_14
                0x0000000000000148                __vector_53
                0x0000000000000148                __vector_10
                0x0000000000000148                __vector_50
                0x0000000000000148                __vector_16
                0x0000000000000148                __vector_18
                0x0000000000000148                __vector_20
                0x0000000000000148                __vector_42
                0x000000000000014c                . = ALIGN (0x2)
 *(.text.*)
 .text.setup    0x000000000000014c       0x10 ./main.o
                0x000000000000014c                setup
 .text.loop     0x000000000000015c       0x18 ./main.o
                0x000000000000015c                loop
 .text._ZN14HardwareSerial9availableEv
                0x0000000000000174       0x26 /home/yura/Projects/EclipseArduinoMega2560Template/ArduinoCoreLibrary/Mega2560/libArduinoCoreLibrary.a(HardwareSerial.o)
                0x0000000000000174                _ZN14HardwareSerial9availableEv
 .text._ZN14HardwareSerial4peekEv
                0x000000000000019a       0x38 /home/yura/Projects/EclipseArduinoMega2560Template/ArduinoCoreLibrary/Mega2560/libArduinoCoreLibrary.a(HardwareSerial.o)
                0x000000000000019a                _ZN14HardwareSerial4peekEv
 .text._ZN14HardwareSerial4readEv
                0x00000000000001d2       0x44 /home/yura/Projects/EclipseArduinoMega2560Template/ArduinoCoreLibrary/Mega2560/libArduinoCoreLibrary.a(HardwareSerial.o)
                0x00000000000001d2                _ZN14HardwareSerial4readEv
 .text._ZN14HardwareSerial5flushEv
                0x0000000000000216       0x16 /home/yura/Projects/EclipseArduinoMega2560Template/ArduinoCoreLibrary/Mega2560/libArduinoCoreLibrary.a(HardwareSerial.o)
                0x0000000000000216                _ZN14HardwareSerial5flushEv
 .text._ZN14HardwareSerial5writeEh
                0x000000000000022c       0x7a /home/yura/Projects/EclipseArduinoMega2560Template/ArduinoCoreLibrary/Mega2560/libArduinoCoreLibrary.a(HardwareSerial.o)
                0x000000000000022c                _ZN14HardwareSerial5writeEh
 .text._Z10store_charhP11ring_buffer
                0x00000000000002a6       0x32 /home/yura/Projects/EclipseArduinoMega2560Template/ArduinoCoreLibrary/Mega2560/libArduinoCoreLibrary.a(HardwareSerial.o)
                0x00000000000002a6                _Z10store_charhP11ring_buffer
 .text._Z11serialEventv
                0x00000000000002d8        0x2 /home/yura/Projects/EclipseArduinoMega2560Template/ArduinoCoreLibrary/Mega2560/libArduinoCoreLibrary.a(HardwareSerial.o)
                0x00000000000002d8                _Z11serialEventv
 .text.__vector_25
                0x00000000000002da       0x68 /home/yura/Projects/EclipseArduinoMega2560Template/ArduinoCoreLibrary/Mega2560/libArduinoCoreLibrary.a(HardwareSerial.o)
                0x00000000000002da                __vector_25
 .text._Z12serialEvent1v
                0x0000000000000342        0x2 /home/yura/Projects/EclipseArduinoMega2560Template/ArduinoCoreLibrary/Mega2560/libArduinoCoreLibrary.a(HardwareSerial.o)
                0x0000000000000342                _Z12serialEvent1v
 .text.__vector_36
                0x0000000000000344       0x68 /home/yura/Projects/EclipseArduinoMega2560Template/ArduinoCoreLibrary/Mega2560/libArduinoCoreLibrary.a(HardwareSerial.o)
                0x0000000000000344                __vector_36
 .text._Z12serialEvent2v
                0x00000000000003ac        0x2 /home/yura/Projects/EclipseArduinoMega2560Template/ArduinoCoreLibrary/Mega2560/libArduinoCoreLibrary.a(HardwareSerial.o)
                0x00000000000003ac                _Z12serialEvent2v
 .text.__vector_51
                0x00000000000003ae       0x68 /home/yura/Projects/EclipseArduinoMega2560Template/ArduinoCoreLibrary/Mega2560/libArduinoCoreLibrary.a(HardwareSerial.o)
                0x00000000000003ae                __vector_51
 .text._Z12serialEvent3v
                0x0000000000000416        0x2 /home/yura/Projects/EclipseArduinoMega2560Template/ArduinoCoreLibrary/Mega2560/libArduinoCoreLibrary.a(HardwareSerial.o)
                0x0000000000000416                _Z12serialEvent3v
 .text.__vector_54
                0x0000000000000418       0x68 /home/yura/Projects/EclipseArduinoMega2560Template/ArduinoCoreLibrary/Mega2560/libArduinoCoreLibrary.a(HardwareSerial.o)
                0x0000000000000418                __vector_54
 .text._Z14serialEventRunv
                0x0000000000000480       0x42 /home/yura/Projects/EclipseArduinoMega2560Template/ArduinoCoreLibrary/Mega2560/libArduinoCoreLibrary.a(HardwareSerial.o)
                0x0000000000000480                _Z14serialEventRunv
 .text.__vector_26
                0x00000000000004c2       0x80 /home/yura/Projects/EclipseArduinoMega2560Template/ArduinoCoreLibrary/Mega2560/libArduinoCoreLibrary.a(HardwareSerial.o)
                0x00000000000004c2                __vector_26
 .text.__vector_37
                0x0000000000000542       0x80 /home/yura/Projects/EclipseArduinoMega2560Template/ArduinoCoreLibrary/Mega2560/libArduinoCoreLibrary.a(HardwareSerial.o)
                0x0000000000000542                __vector_37
 .text.__vector_52
                0x00000000000005c2       0x80 /home/yura/Projects/EclipseArduinoMega2560Template/ArduinoCoreLibrary/Mega2560/libArduinoCoreLibrary.a(HardwareSerial.o)
                0x00000000000005c2                __vector_52
 .text.__vector_55
                0x0000000000000642       0x80 /home/yura/Projects/EclipseArduinoMega2560Template/ArduinoCoreLibrary/Mega2560/libArduinoCoreLibrary.a(HardwareSerial.o)
                0x0000000000000642                __vector_55
 .text._ZN14HardwareSerial5beginEm
                0x00000000000006c2      0x102 /home/yura/Projects/EclipseArduinoMega2560Template/ArduinoCoreLibrary/Mega2560/libArduinoCoreLibrary.a(HardwareSerial.o)
                0x00000000000006c2                _ZN14HardwareSerial5beginEm
 .text.startup._GLOBAL__sub_I_rx_buffer
                0x00000000000007c4      0x26c /home/yura/Projects/EclipseArduinoMega2560Template/ArduinoCoreLibrary/Mega2560/libArduinoCoreLibrary.a(HardwareSerial.o)
 .text._ZN5Print5writeEPKhj
                0x0000000000000a30       0x50 /home/yura/Projects/EclipseArduinoMega2560Template/ArduinoCoreLibrary/Mega2560/libArduinoCoreLibrary.a(Print.o)
                0x0000000000000a30                _ZN5Print5writeEPKhj
 .text._ZN5Print5writeEPKc
                0x0000000000000a80       0x2c /home/yura/Projects/EclipseArduinoMega2560Template/ArduinoCoreLibrary/Mega2560/libArduinoCoreLibrary.a(Print.o)
                0x0000000000000a80                _ZN5Print5writeEPKc
 .text._ZN5Print5printEc
                0x0000000000000aac        0xe /home/yura/Projects/EclipseArduinoMega2560Template/ArduinoCoreLibrary/Mega2560/libArduinoCoreLibrary.a(Print.o)
                0x0000000000000aac                _ZN5Print5printEc
 .text._ZN5Print7printlnEv
                0x0000000000000aba       0x2c /home/yura/Projects/EclipseArduinoMega2560Template/ArduinoCoreLibrary/Mega2560/libArduinoCoreLibrary.a(Print.o)
                0x0000000000000aba                _ZN5Print7printlnEv
 .text._ZN5Print7printlnEPKc
                0x0000000000000ae6       0x28 /home/yura/Projects/EclipseArduinoMega2560Template/ArduinoCoreLibrary/Mega2560/libArduinoCoreLibrary.a(Print.o)
                0x0000000000000ae6                _ZN5Print7printlnEPKc
 .text.startup.main
                0x0000000000000b0e       0x1a /home/yura/Projects/EclipseArduinoMega2560Template/ArduinoCoreLibrary/Mega2560/libArduinoCoreLibrary.a(main.o)
                0x0000000000000b0e                main
 .text.__vector_23
                0x0000000000000b28       0x94 /home/yura/Projects/EclipseArduinoMega2560Template/ArduinoCoreLibrary/Mega2560/libArduinoCoreLibrary.a(wiring.o)
                0x0000000000000b28                __vector_23
 .text.micros   0x0000000000000bbc       0x54 /home/yura/Projects/EclipseArduinoMega2560Template/ArduinoCoreLibrary/Mega2560/libArduinoCoreLibrary.a(wiring.o)
                0x0000000000000bbc                micros
 .text.delay    0x0000000000000c10       0x4c /home/yura/Projects/EclipseArduinoMega2560Template/ArduinoCoreLibrary/Mega2560/libArduinoCoreLibrary.a(wiring.o)
                0x0000000000000c10                delay
 .text.init     0x0000000000000c5c       0xc4 /home/yura/Projects/EclipseArduinoMega2560Template/ArduinoCoreLibrary/Mega2560/libArduinoCoreLibrary.a(wiring.o)
                0x0000000000000c5c                init
 .text.libgcc.div
                0x0000000000000d20       0x44 /usr/lib/gcc/avr/4.7.0/avr6/libgcc.a(_udivmodsi4.o)
                0x0000000000000d20                __udivmodsi4
 .text.libgcc   0x0000000000000d64        0x8 /usr/lib/gcc/avr/4.7.0/avr6/libgcc.a(_tablejump_elpm.o)
                0x0000000000000d64                __tablejump_elpm__
                0x0000000000000d6c                . = ALIGN (0x2)
 *(.fini9)
 .fini9         0x0000000000000d6c        0x0 /usr/lib/gcc/avr/4.7.0/avr6/libgcc.a(_exit.o)
                0x0000000000000d6c                exit
                0x0000000000000d6c                _exit
 *(.fini9)
 *(.fini8)
 *(.fini8)
 *(.fini7)
 *(.fini7)
 *(.fini6)
 *(.fini6)
 *(.fini5)
 *(.fini5)
 *(.fini4)
 *(.fini4)
 *(.fini3)
 *(.fini3)
 *(.fini2)
 *(.fini2)
 *(.fini1)
 *(.fini1)
 *(.fini0)
 .fini0         0x0000000000000d6c        0x4 /usr/lib/gcc/avr/4.7.0/avr6/libgcc.a(_exit.o)
 *(.fini0)
                0x0000000000000d70                _etext = .

.data           0x0000000000800200       0x1c load address 0x0000000000000d70
                0x0000000000800200                PROVIDE (__data_start, .)
 *(.data)
 *(.data*)
 *(.rodata)
 *(.rodata*)
 .rodata.str1.1
                0x0000000000800200        0xc ./main.o
 .rodata._ZTV14HardwareSerial
                0x000000000080020c       0x10 /home/yura/Projects/EclipseArduinoMega2560Template/ArduinoCoreLibrary/Mega2560/libArduinoCoreLibrary.a(HardwareSerial.o)
                0x000000000080020c                _ZTV14HardwareSerial
 *(.gnu.linkonce.d*)
                0x000000000080021c                . = ALIGN (0x2)
                0x000000000080021c                _edata = .
                0x000000000080021c                PROVIDE (__data_end, .)

.bss            0x000000000080021c      0x2b1
                0x000000000080021c                PROVIDE (__bss_start, .)
 *(.bss)
 *(.bss*)
 .bss.Serial3   0x000000000080021c       0x22 /home/yura/Projects/EclipseArduinoMega2560Template/ArduinoCoreLibrary/Mega2560/libArduinoCoreLibrary.a(HardwareSerial.o)
                0x000000000080021c                Serial3
 .bss.Serial2   0x000000000080023e       0x22 /home/yura/Projects/EclipseArduinoMega2560Template/ArduinoCoreLibrary/Mega2560/libArduinoCoreLibrary.a(HardwareSerial.o)
                0x000000000080023e                Serial2
 .bss.Serial1   0x0000000000800260       0x22 /home/yura/Projects/EclipseArduinoMega2560Template/ArduinoCoreLibrary/Mega2560/libArduinoCoreLibrary.a(HardwareSerial.o)
                0x0000000000800260                Serial1
 .bss.Serial    0x0000000000800282       0x22 /home/yura/Projects/EclipseArduinoMega2560Template/ArduinoCoreLibrary/Mega2560/libArduinoCoreLibrary.a(HardwareSerial.o)
                0x0000000000800282                Serial
 .bss.tx_buffer3
                0x00000000008002a4       0x44 /home/yura/Projects/EclipseArduinoMega2560Template/ArduinoCoreLibrary/Mega2560/libArduinoCoreLibrary.a(HardwareSerial.o)
                0x00000000008002a4                tx_buffer3
 .bss.rx_buffer3
                0x00000000008002e8       0x44 /home/yura/Projects/EclipseArduinoMega2560Template/ArduinoCoreLibrary/Mega2560/libArduinoCoreLibrary.a(HardwareSerial.o)
                0x00000000008002e8                rx_buffer3
 .bss.tx_buffer2
                0x000000000080032c       0x44 /home/yura/Projects/EclipseArduinoMega2560Template/ArduinoCoreLibrary/Mega2560/libArduinoCoreLibrary.a(HardwareSerial.o)
                0x000000000080032c                tx_buffer2
 .bss.rx_buffer2
                0x0000000000800370       0x44 /home/yura/Projects/EclipseArduinoMega2560Template/ArduinoCoreLibrary/Mega2560/libArduinoCoreLibrary.a(HardwareSerial.o)
                0x0000000000800370                rx_buffer2
 .bss.tx_buffer1
                0x00000000008003b4       0x44 /home/yura/Projects/EclipseArduinoMega2560Template/ArduinoCoreLibrary/Mega2560/libArduinoCoreLibrary.a(HardwareSerial.o)
                0x00000000008003b4                tx_buffer1
 .bss.rx_buffer1
                0x00000000008003f8       0x44 /home/yura/Projects/EclipseArduinoMega2560Template/ArduinoCoreLibrary/Mega2560/libArduinoCoreLibrary.a(HardwareSerial.o)
                0x00000000008003f8                rx_buffer1
 .bss.tx_buffer
                0x000000000080043c       0x44 /home/yura/Projects/EclipseArduinoMega2560Template/ArduinoCoreLibrary/Mega2560/libArduinoCoreLibrary.a(HardwareSerial.o)
                0x000000000080043c                tx_buffer
 .bss.rx_buffer
                0x0000000000800480       0x44 /home/yura/Projects/EclipseArduinoMega2560Template/ArduinoCoreLibrary/Mega2560/libArduinoCoreLibrary.a(HardwareSerial.o)
                0x0000000000800480                rx_buffer
 .bss.timer0_millis
                0x00000000008004c4        0x4 /home/yura/Projects/EclipseArduinoMega2560Template/ArduinoCoreLibrary/Mega2560/libArduinoCoreLibrary.a(wiring.o)
                0x00000000008004c4                timer0_millis
 .bss.timer0_overflow_count
                0x00000000008004c8        0x4 /home/yura/Projects/EclipseArduinoMega2560Template/ArduinoCoreLibrary/Mega2560/libArduinoCoreLibrary.a(wiring.o)
                0x00000000008004c8                timer0_overflow_count
 .bss.timer0_fract
                0x00000000008004cc        0x1 /home/yura/Projects/EclipseArduinoMega2560Template/ArduinoCoreLibrary/Mega2560/libArduinoCoreLibrary.a(wiring.o)
 *(COMMON)
                0x00000000008004cd                PROVIDE (__bss_end, .)
                0x0000000000000d70                __data_load_start = LOADADDR (.data)
                0x0000000000000d8c                __data_load_end = (__data_load_start + SIZEOF (.data))

.noinit         0x00000000008004cd        0x0
                0x00000000008004cd                PROVIDE (__noinit_start, .)
 *(.noinit*)
                0x00000000008004cd                PROVIDE (__noinit_end, .)
                0x00000000008004cd                _end = .
                0x00000000008004cd                PROVIDE (__heap_start, .)

.eeprom         0x0000000000810000        0x0
 *(.eeprom*)
                0x0000000000810000                __eeprom_end = .

.fuse
 *(.fuse)
 *(.lfuse)
 *(.hfuse)
 *(.efuse)

.lock
 *(.lock*)

.signature
 *(.signature*)

.stab           0x0000000000000000     0x4854
 *(.stab)
 .stab          0x0000000000000000      0x6e4 /usr/lib/gcc/avr/4.7.0/../../../avr/lib/avr6/crtm2560.o
 .stab          0x00000000000006e4      0x588 ./main.o
                                        0x594 (size before relaxing)
 .stab          0x0000000000000c6c     0x129c /home/yura/Projects/EclipseArduinoMega2560Template/ArduinoCoreLibrary/Mega2560/libArduinoCoreLibrary.a(HardwareSerial.o)
                                       0x1650 (size before relaxing)
 .stab          0x0000000000001f08      0x60c /home/yura/Projects/EclipseArduinoMega2560Template/ArduinoCoreLibrary/Mega2560/libArduinoCoreLibrary.a(Print.o)
                                       0x120c (size before relaxing)
 .stab          0x0000000000002514      0x39c /home/yura/Projects/EclipseArduinoMega2560Template/ArduinoCoreLibrary/Mega2560/libArduinoCoreLibrary.a(WString.o)
                                       0x23ac (size before relaxing)
 .stab          0x00000000000028b0      0x594 /home/yura/Projects/EclipseArduinoMega2560Template/ArduinoCoreLibrary/Mega2560/libArduinoCoreLibrary.a(main.o)
                                        0x5a0 (size before relaxing)
 .stab          0x0000000000002e44      0x1ec /home/yura/Projects/EclipseArduinoMega2560Template/ArduinoCoreLibrary/Mega2560/libArduinoCoreLibrary.a(new.o)
                                        0x2f4 (size before relaxing)
 .stab          0x0000000000003030      0x8a0 /home/yura/Projects/EclipseArduinoMega2560Template/ArduinoCoreLibrary/Mega2560/libArduinoCoreLibrary.a(wiring.o)
                                        0x984 (size before relaxing)
 .stab          0x00000000000038d0      0x360 /usr/lib/gcc/avr/4.7.0/../../../avr/lib/avr6/libc.a(malloc.o)
                                        0x798 (size before relaxing)
 .stab          0x0000000000003c30      0x12c /usr/lib/gcc/avr/4.7.0/../../../avr/lib/avr6/libc.a(realloc.o)
                                        0x5dc (size before relaxing)
 .stab          0x0000000000003d5c      0x1e0 /usr/lib/gcc/avr/4.7.0/../../../avr/lib/avr6/libc.a(atol.o)
                                        0x1ec (size before relaxing)
 .stab          0x0000000000003f3c       0x18 /usr/lib/gcc/avr/4.7.0/../../../avr/lib/avr6/libc.a(isspace.o)
                                         0xa8 (size before relaxing)
 .stab          0x0000000000003f54       0x18 /usr/lib/gcc/avr/4.7.0/../../../avr/lib/avr6/libc.a(tolower.o)
                                         0xa8 (size before relaxing)
 .stab          0x0000000000003f6c       0x18 /usr/lib/gcc/avr/4.7.0/../../../avr/lib/avr6/libc.a(toupper.o)
                                         0xa8 (size before relaxing)
 .stab          0x0000000000003f84       0x84 /usr/lib/gcc/avr/4.7.0/../../../avr/lib/avr6/libc.a(memcpy.o)
                                         0x90 (size before relaxing)
 .stab          0x0000000000004008       0xe4 /usr/lib/gcc/avr/4.7.0/../../../avr/lib/avr6/libc.a(memmove.o)
                                         0xf0 (size before relaxing)
 .stab          0x00000000000040ec       0x9c /usr/lib/gcc/avr/4.7.0/../../../avr/lib/avr6/libc.a(strchr.o)
                                         0xa8 (size before relaxing)
 .stab          0x0000000000004188       0x84 /usr/lib/gcc/avr/4.7.0/../../../avr/lib/avr6/libc.a(strcmp.o)
                                         0x90 (size before relaxing)
 .stab          0x000000000000420c       0x6c /usr/lib/gcc/avr/4.7.0/../../../avr/lib/avr6/libc.a(strcpy.o)
                                         0x78 (size before relaxing)
 .stab          0x0000000000004278       0xc0 /usr/lib/gcc/avr/4.7.0/../../../avr/lib/avr6/libc.a(strncmp.o)
                                         0xcc (size before relaxing)
 .stab          0x0000000000004338       0xcc /usr/lib/gcc/avr/4.7.0/../../../avr/lib/avr6/libc.a(strncpy.o)
                                         0xd8 (size before relaxing)
 .stab          0x0000000000004404       0x9c /usr/lib/gcc/avr/4.7.0/../../../avr/lib/avr6/libc.a(strrchr.o)
                                         0xa8 (size before relaxing)
 .stab          0x00000000000044a0      0x150 /usr/lib/gcc/avr/4.7.0/../../../avr/lib/avr6/libc.a(strstr.o)
                                        0x15c (size before relaxing)
 .stab          0x00000000000045f0       0x18 /usr/lib/gcc/avr/4.7.0/../../../avr/lib/avr6/libc.a(itoa.o)
                                        0x1bc (size before relaxing)
 .stab          0x0000000000004608       0x18 /usr/lib/gcc/avr/4.7.0/../../../avr/lib/avr6/libc.a(ltoa.o)
                                        0x2a0 (size before relaxing)
 .stab          0x0000000000004620      0x114 /usr/lib/gcc/avr/4.7.0/../../../avr/lib/avr6/libc.a(mulsi10.o)
                                        0x120 (size before relaxing)
 .stab          0x0000000000004734       0x18 /usr/lib/gcc/avr/4.7.0/../../../avr/lib/avr6/libc.a(ultoa.o)
                                        0x1ec (size before relaxing)
 .stab          0x000000000000474c       0x18 /usr/lib/gcc/avr/4.7.0/../../../avr/lib/avr6/libc.a(utoa.o)
                                        0x138 (size before relaxing)
 .stab          0x0000000000004764       0x18 /usr/lib/gcc/avr/4.7.0/../../../avr/lib/avr6/libc.a(cty_isfalse.o)
                                         0x6c (size before relaxing)
 .stab          0x000000000000477c       0xd8 /usr/lib/gcc/avr/4.7.0/../../../avr/lib/avr6/libc.a(strrev.o)
                                         0xe4 (size before relaxing)

.stabstr        0x0000000000000000     0x404b
 *(.stabstr)
 .stabstr       0x0000000000000000     0x404b /usr/lib/gcc/avr/4.7.0/../../../avr/lib/avr6/crtm2560.o

.stab.excl
 *(.stab.excl)

.stab.exclstr
 *(.stab.exclstr)

.stab.index
 *(.stab.index)

.stab.indexstr
 *(.stab.indexstr)

.comment        0x0000000000000000       0x11
 *(.comment)
 .comment       0x0000000000000000       0x11 ./main.o
                                         0x12 (size before relaxing)
 .comment       0x0000000000000000       0x12 /home/yura/Projects/EclipseArduinoMega2560Template/ArduinoCoreLibrary/Mega2560/libArduinoCoreLibrary.a(HardwareSerial.o)
 .comment       0x0000000000000000       0x12 /home/yura/Projects/EclipseArduinoMega2560Template/ArduinoCoreLibrary/Mega2560/libArduinoCoreLibrary.a(Print.o)
 .comment       0x0000000000000000       0x12 /home/yura/Projects/EclipseArduinoMega2560Template/ArduinoCoreLibrary/Mega2560/libArduinoCoreLibrary.a(WString.o)
 .comment       0x0000000000000000       0x12 /home/yura/Projects/EclipseArduinoMega2560Template/ArduinoCoreLibrary/Mega2560/libArduinoCoreLibrary.a(main.o)
 .comment       0x0000000000000000       0x12 /home/yura/Projects/EclipseArduinoMega2560Template/ArduinoCoreLibrary/Mega2560/libArduinoCoreLibrary.a(new.o)
 .comment       0x0000000000000000       0x12 /home/yura/Projects/EclipseArduinoMega2560Template/ArduinoCoreLibrary/Mega2560/libArduinoCoreLibrary.a(wiring.o)
 .comment       0x0000000000000000       0x12 /usr/lib/gcc/avr/4.7.0/avr6/libgcc.a(_fixunssfsi.o)
 .comment       0x0000000000000000       0x12 /usr/lib/gcc/avr/4.7.0/avr6/libgcc.a(_addsub_sf.o)
 .comment       0x0000000000000000       0x12 /usr/lib/gcc/avr/4.7.0/avr6/libgcc.a(_mul_sf.o)
 .comment       0x0000000000000000       0x12 /usr/lib/gcc/avr/4.7.0/avr6/libgcc.a(_div_sf.o)
 .comment       0x0000000000000000       0x12 /usr/lib/gcc/avr/4.7.0/avr6/libgcc.a(_gt_sf.o)
 .comment       0x0000000000000000       0x12 /usr/lib/gcc/avr/4.7.0/avr6/libgcc.a(_ge_sf.o)
 .comment       0x0000000000000000       0x12 /usr/lib/gcc/avr/4.7.0/avr6/libgcc.a(_lt_sf.o)
 .comment       0x0000000000000000       0x12 /usr/lib/gcc/avr/4.7.0/avr6/libgcc.a(_le_sf.o)
 .comment       0x0000000000000000       0x12 /usr/lib/gcc/avr/4.7.0/avr6/libgcc.a(_unord_sf.o)
 .comment       0x0000000000000000       0x12 /usr/lib/gcc/avr/4.7.0/avr6/libgcc.a(_si_to_sf.o)
 .comment       0x0000000000000000       0x12 /usr/lib/gcc/avr/4.7.0/avr6/libgcc.a(_sf_to_si.o)
 .comment       0x0000000000000000       0x12 /usr/lib/gcc/avr/4.7.0/avr6/libgcc.a(_thenan_sf.o)
 .comment       0x0000000000000000       0x12 /usr/lib/gcc/avr/4.7.0/avr6/libgcc.a(_usi_to_sf.o)
 .comment       0x0000000000000000       0x12 /usr/lib/gcc/avr/4.7.0/avr6/libgcc.a(_pack_sf.o)
 .comment       0x0000000000000000       0x12 /usr/lib/gcc/avr/4.7.0/avr6/libgcc.a(_unpack_sf.o)
 .comment       0x0000000000000000       0x12 /usr/lib/gcc/avr/4.7.0/avr6/libgcc.a(_fpcmp_parts_sf.o)
 .comment       0x0000000000000000       0x12 /usr/lib/gcc/avr/4.7.0/../../../avr/lib/avr6/libc.a(malloc.o)
 .comment       0x0000000000000000       0x12 /usr/lib/gcc/avr/4.7.0/../../../avr/lib/avr6/libc.a(realloc.o)

.debug
 *(.debug)

.line
 *(.line)

.debug_srcinfo
 *(.debug_srcinfo)

.debug_sfnames
 *(.debug_sfnames)

.debug_aranges
 *(.debug_aranges)

.debug_pubnames
 *(.debug_pubnames)

.debug_info
 *(.debug_info)
 *(.gnu.linkonce.wi.*)

.debug_abbrev
 *(.debug_abbrev)

.debug_line
 *(.debug_line)

.debug_frame
 *(.debug_frame)

.debug_str
 *(.debug_str)

.debug_loc
 *(.debug_loc)

.debug_macinfo
 *(.debug_macinfo)
OUTPUT(ArduinoApp.elf elf32-avr)
LOAD linker stubs

Cross Reference Table

Symbol                                            File
HardwareSerial::HardwareSerial(ring_buffer*, ring_buffer*, unsigned char volatile*, unsigned char volatile*, unsigned char volatile*, unsigned char volatile*, unsigned char volatile*, unsigned char volatile*, unsigned char, unsigned char, unsigned char, unsigned char, unsigned char) /home/yura/Projects/EclipseArduinoMega2560Template/ArduinoCoreLibrary/Mega2560/libArduinoCoreLibrary.a(HardwareSerial.o)
HardwareSerial::HardwareSerial(ring_buffer*, ring_buffer*, unsigned char volatile*, unsigned char volatile*, unsigned char volatile*, unsigned char volatile*, unsigned char volatile*, unsigned char volatile*, unsigned char, unsigned char, unsigned char, unsigned char, unsigned char) /home/yura/Projects/EclipseArduinoMega2560Template/ArduinoCoreLibrary/Mega2560/libArduinoCoreLibrary.a(HardwareSerial.o)
HardwareSerial::available()                       /home/yura/Projects/EclipseArduinoMega2560Template/ArduinoCoreLibrary/Mega2560/libArduinoCoreLibrary.a(HardwareSerial.o)
HardwareSerial::begin(unsigned long)              /home/yura/Projects/EclipseArduinoMega2560Template/ArduinoCoreLibrary/Mega2560/libArduinoCoreLibrary.a(HardwareSerial.o)
                                                  ./main.o
HardwareSerial::begin(unsigned long, unsigned char) /home/yura/Projects/EclipseArduinoMega2560Template/ArduinoCoreLibrary/Mega2560/libArduinoCoreLibrary.a(HardwareSerial.o)
HardwareSerial::end()                             /home/yura/Projects/EclipseArduinoMega2560Template/ArduinoCoreLibrary/Mega2560/libArduinoCoreLibrary.a(HardwareSerial.o)
HardwareSerial::flush()                           /home/yura/Projects/EclipseArduinoMega2560Template/ArduinoCoreLibrary/Mega2560/libArduinoCoreLibrary.a(HardwareSerial.o)
HardwareSerial::operator bool()                   /home/yura/Projects/EclipseArduinoMega2560Template/ArduinoCoreLibrary/Mega2560/libArduinoCoreLibrary.a(HardwareSerial.o)
HardwareSerial::peek()                            /home/yura/Projects/EclipseArduinoMega2560Template/ArduinoCoreLibrary/Mega2560/libArduinoCoreLibrary.a(HardwareSerial.o)
HardwareSerial::read()                            /home/yura/Projects/EclipseArduinoMega2560Template/ArduinoCoreLibrary/Mega2560/libArduinoCoreLibrary.a(HardwareSerial.o)
HardwareSerial::write(unsigned char)              /home/yura/Projects/EclipseArduinoMega2560Template/ArduinoCoreLibrary/Mega2560/libArduinoCoreLibrary.a(HardwareSerial.o)
Print::print(Printable const&)                    /home/yura/Projects/EclipseArduinoMega2560Template/ArduinoCoreLibrary/Mega2560/libArduinoCoreLibrary.a(Print.o)
Print::print(String const&)                       /home/yura/Projects/EclipseArduinoMega2560Template/ArduinoCoreLibrary/Mega2560/libArduinoCoreLibrary.a(Print.o)
Print::print(__FlashStringHelper const*)          /home/yura/Projects/EclipseArduinoMega2560Template/ArduinoCoreLibrary/Mega2560/libArduinoCoreLibrary.a(Print.o)
Print::print(char const*)                         /home/yura/Projects/EclipseArduinoMega2560Template/ArduinoCoreLibrary/Mega2560/libArduinoCoreLibrary.a(Print.o)
Print::print(char)                                /home/yura/Projects/EclipseArduinoMega2560Template/ArduinoCoreLibrary/Mega2560/libArduinoCoreLibrary.a(Print.o)
Print::print(double, int)                         /home/yura/Projects/EclipseArduinoMega2560Template/ArduinoCoreLibrary/Mega2560/libArduinoCoreLibrary.a(Print.o)
Print::print(int, int)                            /home/yura/Projects/EclipseArduinoMega2560Template/ArduinoCoreLibrary/Mega2560/libArduinoCoreLibrary.a(Print.o)
Print::print(long, int)                           /home/yura/Projects/EclipseArduinoMega2560Template/ArduinoCoreLibrary/Mega2560/libArduinoCoreLibrary.a(Print.o)
Print::print(unsigned char, int)                  /home/yura/Projects/EclipseArduinoMega2560Template/ArduinoCoreLibrary/Mega2560/libArduinoCoreLibrary.a(Print.o)
Print::print(unsigned int, int)                   /home/yura/Projects/EclipseArduinoMega2560Template/ArduinoCoreLibrary/Mega2560/libArduinoCoreLibrary.a(Print.o)
Print::print(unsigned long, int)                  /home/yura/Projects/EclipseArduinoMega2560Template/ArduinoCoreLibrary/Mega2560/libArduinoCoreLibrary.a(Print.o)
Print::printFloat(double, unsigned char)          /home/yura/Projects/EclipseArduinoMega2560Template/ArduinoCoreLibrary/Mega2560/libArduinoCoreLibrary.a(Print.o)
Print::printNumber(unsigned long, unsigned char)  /home/yura/Projects/EclipseArduinoMega2560Template/ArduinoCoreLibrary/Mega2560/libArduinoCoreLibrary.a(Print.o)
Print::println()                                  /home/yura/Projects/EclipseArduinoMega2560Template/ArduinoCoreLibrary/Mega2560/libArduinoCoreLibrary.a(Print.o)
Print::println(Printable const&)                  /home/yura/Projects/EclipseArduinoMega2560Template/ArduinoCoreLibrary/Mega2560/libArduinoCoreLibrary.a(Print.o)
Print::println(String const&)                     /home/yura/Projects/EclipseArduinoMega2560Template/ArduinoCoreLibrary/Mega2560/libArduinoCoreLibrary.a(Print.o)
Print::println(__FlashStringHelper const*)        /home/yura/Projects/EclipseArduinoMega2560Template/ArduinoCoreLibrary/Mega2560/libArduinoCoreLibrary.a(Print.o)
Print::println(char const*)                       /home/yura/Projects/EclipseArduinoMega2560Template/ArduinoCoreLibrary/Mega2560/libArduinoCoreLibrary.a(Print.o)
                                                  ./main.o
Print::println(char)                              /home/yura/Projects/EclipseArduinoMega2560Template/ArduinoCoreLibrary/Mega2560/libArduinoCoreLibrary.a(Print.o)
Print::println(double, int)                       /home/yura/Projects/EclipseArduinoMega2560Template/ArduinoCoreLibrary/Mega2560/libArduinoCoreLibrary.a(Print.o)
Print::println(int, int)                          /home/yura/Projects/EclipseArduinoMega2560Template/ArduinoCoreLibrary/Mega2560/libArduinoCoreLibrary.a(Print.o)
Print::println(long, int)                         /home/yura/Projects/EclipseArduinoMega2560Template/ArduinoCoreLibrary/Mega2560/libArduinoCoreLibrary.a(Print.o)
Print::println(unsigned char, int)                /home/yura/Projects/EclipseArduinoMega2560Template/ArduinoCoreLibrary/Mega2560/libArduinoCoreLibrary.a(Print.o)
Print::println(unsigned int, int)                 /home/yura/Projects/EclipseArduinoMega2560Template/ArduinoCoreLibrary/Mega2560/libArduinoCoreLibrary.a(Print.o)
Print::println(unsigned long, int)                /home/yura/Projects/EclipseArduinoMega2560Template/ArduinoCoreLibrary/Mega2560/libArduinoCoreLibrary.a(Print.o)
Print::write(char const*)                         /home/yura/Projects/EclipseArduinoMega2560Template/ArduinoCoreLibrary/Mega2560/libArduinoCoreLibrary.a(Print.o)
Print::write(unsigned char const*, unsigned int)  /home/yura/Projects/EclipseArduinoMega2560Template/ArduinoCoreLibrary/Mega2560/libArduinoCoreLibrary.a(Print.o)
                                                  /home/yura/Projects/EclipseArduinoMega2560Template/ArduinoCoreLibrary/Mega2560/libArduinoCoreLibrary.a(HardwareSerial.o)
Serial                                            /home/yura/Projects/EclipseArduinoMega2560Template/ArduinoCoreLibrary/Mega2560/libArduinoCoreLibrary.a(HardwareSerial.o)
                                                  ./main.o
Serial1                                           /home/yura/Projects/EclipseArduinoMega2560Template/ArduinoCoreLibrary/Mega2560/libArduinoCoreLibrary.a(HardwareSerial.o)
Serial2                                           /home/yura/Projects/EclipseArduinoMega2560Template/ArduinoCoreLibrary/Mega2560/libArduinoCoreLibrary.a(HardwareSerial.o)
Serial3                                           /home/yura/Projects/EclipseArduinoMega2560Template/ArduinoCoreLibrary/Mega2560/libArduinoCoreLibrary.a(HardwareSerial.o)
String::String(String const&)                     /home/yura/Projects/EclipseArduinoMega2560Template/ArduinoCoreLibrary/Mega2560/libArduinoCoreLibrary.a(WString.o)
String::String(String const&)                     /home/yura/Projects/EclipseArduinoMega2560Template/ArduinoCoreLibrary/Mega2560/libArduinoCoreLibrary.a(WString.o)
String::String(char const*)                       /home/yura/Projects/EclipseArduinoMega2560Template/ArduinoCoreLibrary/Mega2560/libArduinoCoreLibrary.a(WString.o)
String::String(char const*)                       /home/yura/Projects/EclipseArduinoMega2560Template/ArduinoCoreLibrary/Mega2560/libArduinoCoreLibrary.a(WString.o)
String::String(char)                              /home/yura/Projects/EclipseArduinoMega2560Template/ArduinoCoreLibrary/Mega2560/libArduinoCoreLibrary.a(WString.o)
String::String(char)                              /home/yura/Projects/EclipseArduinoMega2560Template/ArduinoCoreLibrary/Mega2560/libArduinoCoreLibrary.a(WString.o)
String::String(int, unsigned char)                /home/yura/Projects/EclipseArduinoMega2560Template/ArduinoCoreLibrary/Mega2560/libArduinoCoreLibrary.a(WString.o)
String::String(int, unsigned char)                /home/yura/Projects/EclipseArduinoMega2560Template/ArduinoCoreLibrary/Mega2560/libArduinoCoreLibrary.a(WString.o)
String::String(long, unsigned char)               /home/yura/Projects/EclipseArduinoMega2560Template/ArduinoCoreLibrary/Mega2560/libArduinoCoreLibrary.a(WString.o)
String::String(long, unsigned char)               /home/yura/Projects/EclipseArduinoMega2560Template/ArduinoCoreLibrary/Mega2560/libArduinoCoreLibrary.a(WString.o)
String::String(unsigned char, unsigned char)      /home/yura/Projects/EclipseArduinoMega2560Template/ArduinoCoreLibrary/Mega2560/libArduinoCoreLibrary.a(WString.o)
String::String(unsigned char, unsigned char)      /home/yura/Projects/EclipseArduinoMega2560Template/ArduinoCoreLibrary/Mega2560/libArduinoCoreLibrary.a(WString.o)
String::String(unsigned int, unsigned char)       /home/yura/Projects/EclipseArduinoMega2560Template/ArduinoCoreLibrary/Mega2560/libArduinoCoreLibrary.a(WString.o)
String::String(unsigned int, unsigned char)       /home/yura/Projects/EclipseArduinoMega2560Template/ArduinoCoreLibrary/Mega2560/libArduinoCoreLibrary.a(WString.o)
String::String(unsigned long, unsigned char)      /home/yura/Projects/EclipseArduinoMega2560Template/ArduinoCoreLibrary/Mega2560/libArduinoCoreLibrary.a(WString.o)
String::String(unsigned long, unsigned char)      /home/yura/Projects/EclipseArduinoMega2560Template/ArduinoCoreLibrary/Mega2560/libArduinoCoreLibrary.a(WString.o)
String::changeBuffer(unsigned int)                /home/yura/Projects/EclipseArduinoMega2560Template/ArduinoCoreLibrary/Mega2560/libArduinoCoreLibrary.a(WString.o)
String::charAt(unsigned int) const                /home/yura/Projects/EclipseArduinoMega2560Template/ArduinoCoreLibrary/Mega2560/libArduinoCoreLibrary.a(WString.o)
String::compareTo(String const&) const            /home/yura/Projects/EclipseArduinoMega2560Template/ArduinoCoreLibrary/Mega2560/libArduinoCoreLibrary.a(WString.o)
String::concat(String const&)                     /home/yura/Projects/EclipseArduinoMega2560Template/ArduinoCoreLibrary/Mega2560/libArduinoCoreLibrary.a(WString.o)
String::concat(char const*)                       /home/yura/Projects/EclipseArduinoMega2560Template/ArduinoCoreLibrary/Mega2560/libArduinoCoreLibrary.a(WString.o)
String::concat(char const*, unsigned int)         /home/yura/Projects/EclipseArduinoMega2560Template/ArduinoCoreLibrary/Mega2560/libArduinoCoreLibrary.a(WString.o)
String::concat(char)                              /home/yura/Projects/EclipseArduinoMega2560Template/ArduinoCoreLibrary/Mega2560/libArduinoCoreLibrary.a(WString.o)
String::concat(int)                               /home/yura/Projects/EclipseArduinoMega2560Template/ArduinoCoreLibrary/Mega2560/libArduinoCoreLibrary.a(WString.o)
String::concat(long)                              /home/yura/Projects/EclipseArduinoMega2560Template/ArduinoCoreLibrary/Mega2560/libArduinoCoreLibrary.a(WString.o)
String::concat(unsigned char)                     /home/yura/Projects/EclipseArduinoMega2560Template/ArduinoCoreLibrary/Mega2560/libArduinoCoreLibrary.a(WString.o)
String::concat(unsigned int)                      /home/yura/Projects/EclipseArduinoMega2560Template/ArduinoCoreLibrary/Mega2560/libArduinoCoreLibrary.a(WString.o)
String::concat(unsigned long)                     /home/yura/Projects/EclipseArduinoMega2560Template/ArduinoCoreLibrary/Mega2560/libArduinoCoreLibrary.a(WString.o)
String::copy(char const*, unsigned int)           /home/yura/Projects/EclipseArduinoMega2560Template/ArduinoCoreLibrary/Mega2560/libArduinoCoreLibrary.a(WString.o)
String::endsWith(String const&) const             /home/yura/Projects/EclipseArduinoMega2560Template/ArduinoCoreLibrary/Mega2560/libArduinoCoreLibrary.a(WString.o)
String::equals(String const&) const               /home/yura/Projects/EclipseArduinoMega2560Template/ArduinoCoreLibrary/Mega2560/libArduinoCoreLibrary.a(WString.o)
String::equals(char const*) const                 /home/yura/Projects/EclipseArduinoMega2560Template/ArduinoCoreLibrary/Mega2560/libArduinoCoreLibrary.a(WString.o)
String::equalsIgnoreCase(String const&) const     /home/yura/Projects/EclipseArduinoMega2560Template/ArduinoCoreLibrary/Mega2560/libArduinoCoreLibrary.a(WString.o)
String::getBytes(unsigned char*, unsigned int, unsigned int) const /home/yura/Projects/EclipseArduinoMega2560Template/ArduinoCoreLibrary/Mega2560/libArduinoCoreLibrary.a(WString.o)
String::indexOf(String const&) const              /home/yura/Projects/EclipseArduinoMega2560Template/ArduinoCoreLibrary/Mega2560/libArduinoCoreLibrary.a(WString.o)
String::indexOf(String const&, unsigned int) const /home/yura/Projects/EclipseArduinoMega2560Template/ArduinoCoreLibrary/Mega2560/libArduinoCoreLibrary.a(WString.o)
String::indexOf(char) const                       /home/yura/Projects/EclipseArduinoMega2560Template/ArduinoCoreLibrary/Mega2560/libArduinoCoreLibrary.a(WString.o)
String::indexOf(char, unsigned int) const         /home/yura/Projects/EclipseArduinoMega2560Template/ArduinoCoreLibrary/Mega2560/libArduinoCoreLibrary.a(WString.o)
String::invalidate()                              /home/yura/Projects/EclipseArduinoMega2560Template/ArduinoCoreLibrary/Mega2560/libArduinoCoreLibrary.a(WString.o)
String::lastIndexOf(String const&) const          /home/yura/Projects/EclipseArduinoMega2560Template/ArduinoCoreLibrary/Mega2560/libArduinoCoreLibrary.a(WString.o)
String::lastIndexOf(String const&, unsigned int) const /home/yura/Projects/EclipseArduinoMega2560Template/ArduinoCoreLibrary/Mega2560/libArduinoCoreLibrary.a(WString.o)
String::lastIndexOf(char) const                   /home/yura/Projects/EclipseArduinoMega2560Template/ArduinoCoreLibrary/Mega2560/libArduinoCoreLibrary.a(WString.o)
String::lastIndexOf(char, unsigned int) const     /home/yura/Projects/EclipseArduinoMega2560Template/ArduinoCoreLibrary/Mega2560/libArduinoCoreLibrary.a(WString.o)
String::operator<(String const&) const            /home/yura/Projects/EclipseArduinoMega2560Template/ArduinoCoreLibrary/Mega2560/libArduinoCoreLibrary.a(WString.o)
String::operator<=(String const&) const           /home/yura/Projects/EclipseArduinoMega2560Template/ArduinoCoreLibrary/Mega2560/libArduinoCoreLibrary.a(WString.o)
String::operator=(String const&)                  /home/yura/Projects/EclipseArduinoMega2560Template/ArduinoCoreLibrary/Mega2560/libArduinoCoreLibrary.a(WString.o)
String::operator=(char const*)                    /home/yura/Projects/EclipseArduinoMega2560Template/ArduinoCoreLibrary/Mega2560/libArduinoCoreLibrary.a(WString.o)
String::operator>(String const&) const            /home/yura/Projects/EclipseArduinoMega2560Template/ArduinoCoreLibrary/Mega2560/libArduinoCoreLibrary.a(WString.o)
String::operator>=(String const&) const           /home/yura/Projects/EclipseArduinoMega2560Template/ArduinoCoreLibrary/Mega2560/libArduinoCoreLibrary.a(WString.o)
String::operator[](unsigned int)                  /home/yura/Projects/EclipseArduinoMega2560Template/ArduinoCoreLibrary/Mega2560/libArduinoCoreLibrary.a(WString.o)
String::operator[](unsigned int) const            /home/yura/Projects/EclipseArduinoMega2560Template/ArduinoCoreLibrary/Mega2560/libArduinoCoreLibrary.a(WString.o)
                                                  /home/yura/Projects/EclipseArduinoMega2560Template/ArduinoCoreLibrary/Mega2560/libArduinoCoreLibrary.a(Print.o)
String::replace(String const&, String const&)     /home/yura/Projects/EclipseArduinoMega2560Template/ArduinoCoreLibrary/Mega2560/libArduinoCoreLibrary.a(WString.o)
String::replace(char, char)                       /home/yura/Projects/EclipseArduinoMega2560Template/ArduinoCoreLibrary/Mega2560/libArduinoCoreLibrary.a(WString.o)
String::reserve(unsigned int)                     /home/yura/Projects/EclipseArduinoMega2560Template/ArduinoCoreLibrary/Mega2560/libArduinoCoreLibrary.a(WString.o)
String::setCharAt(unsigned int, char)             /home/yura/Projects/EclipseArduinoMega2560Template/ArduinoCoreLibrary/Mega2560/libArduinoCoreLibrary.a(WString.o)
String::startsWith(String const&) const           /home/yura/Projects/EclipseArduinoMega2560Template/ArduinoCoreLibrary/Mega2560/libArduinoCoreLibrary.a(WString.o)
String::startsWith(String const&, unsigned int) const /home/yura/Projects/EclipseArduinoMega2560Template/ArduinoCoreLibrary/Mega2560/libArduinoCoreLibrary.a(WString.o)
String::substring(unsigned int) const             /home/yura/Projects/EclipseArduinoMega2560Template/ArduinoCoreLibrary/Mega2560/libArduinoCoreLibrary.a(WString.o)
String::substring(unsigned int, unsigned int) const /home/yura/Projects/EclipseArduinoMega2560Template/ArduinoCoreLibrary/Mega2560/libArduinoCoreLibrary.a(WString.o)
String::toInt() const                             /home/yura/Projects/EclipseArduinoMega2560Template/ArduinoCoreLibrary/Mega2560/libArduinoCoreLibrary.a(WString.o)
String::toLowerCase()                             /home/yura/Projects/EclipseArduinoMega2560Template/ArduinoCoreLibrary/Mega2560/libArduinoCoreLibrary.a(WString.o)
String::toUpperCase()                             /home/yura/Projects/EclipseArduinoMega2560Template/ArduinoCoreLibrary/Mega2560/libArduinoCoreLibrary.a(WString.o)
String::trim()                                    /home/yura/Projects/EclipseArduinoMega2560Template/ArduinoCoreLibrary/Mega2560/libArduinoCoreLibrary.a(WString.o)
String::~String()                                 /home/yura/Projects/EclipseArduinoMega2560Template/ArduinoCoreLibrary/Mega2560/libArduinoCoreLibrary.a(WString.o)
String::~String()                                 /home/yura/Projects/EclipseArduinoMega2560Template/ArduinoCoreLibrary/Mega2560/libArduinoCoreLibrary.a(WString.o)
__addsf3                                          /usr/lib/gcc/avr/4.7.0/avr6/libgcc.a(_addsub_sf.o)
                                                  /home/yura/Projects/EclipseArduinoMega2560Template/ArduinoCoreLibrary/Mega2560/libArduinoCoreLibrary.a(Print.o)
__bad_interrupt                                   /usr/lib/gcc/avr/4.7.0/../../../avr/lib/avr6/crtm2560.o
__brkval                                          /usr/lib/gcc/avr/4.7.0/../../../avr/lib/avr6/libc.a(realloc.o)
                                                  /usr/lib/gcc/avr/4.7.0/../../../avr/lib/avr6/libc.a(malloc.o)
__bss_end                                         /usr/lib/gcc/avr/4.7.0/avr6/libgcc.a(_clear_bss.o)
__bss_start                                       /usr/lib/gcc/avr/4.7.0/avr6/libgcc.a(_clear_bss.o)
__clzhi2                                          /usr/lib/gcc/avr/4.7.0/avr6/libgcc.a(_clzhi2.o)
                                                  /usr/lib/gcc/avr/4.7.0/avr6/libgcc.a(_clzsi2.o)
__clzsi2                                          /usr/lib/gcc/avr/4.7.0/avr6/libgcc.a(_clzsi2.o)
                                                  /usr/lib/gcc/avr/4.7.0/avr6/libgcc.a(_usi_to_sf.o)
                                                  /usr/lib/gcc/avr/4.7.0/avr6/libgcc.a(_si_to_sf.o)
__ctors_end                                       /usr/lib/gcc/avr/4.7.0/avr6/libgcc.a(_ctors.o)
__ctors_start                                     /usr/lib/gcc/avr/4.7.0/avr6/libgcc.a(_ctors.o)
__ctype_isfalse                                   /usr/lib/gcc/avr/4.7.0/../../../avr/lib/avr6/libc.a(cty_isfalse.o)
                                                  /usr/lib/gcc/avr/4.7.0/../../../avr/lib/avr6/libc.a(isspace.o)
__ctype_istrue                                    /usr/lib/gcc/avr/4.7.0/../../../avr/lib/avr6/libc.a(cty_isfalse.o)
__cxa_guard_abort                                 /home/yura/Projects/EclipseArduinoMega2560Template/ArduinoCoreLibrary/Mega2560/libArduinoCoreLibrary.a(new.o)
__cxa_guard_acquire                               /home/yura/Projects/EclipseArduinoMega2560Template/ArduinoCoreLibrary/Mega2560/libArduinoCoreLibrary.a(new.o)
__cxa_guard_release                               /home/yura/Projects/EclipseArduinoMega2560Template/ArduinoCoreLibrary/Mega2560/libArduinoCoreLibrary.a(new.o)
__cxa_pure_virtual                                /home/yura/Projects/EclipseArduinoMega2560Template/ArduinoCoreLibrary/Mega2560/libArduinoCoreLibrary.a(new.o)
                                                  /home/yura/Projects/EclipseArduinoMega2560Template/ArduinoCoreLibrary/Mega2560/libArduinoCoreLibrary.a(Print.o)
                                                  /home/yura/Projects/EclipseArduinoMega2560Template/ArduinoCoreLibrary/Mega2560/libArduinoCoreLibrary.a(HardwareSerial.o)
__data_end                                        /usr/lib/gcc/avr/4.7.0/avr6/libgcc.a(_copy_data.o)
__data_load_start                                 /usr/lib/gcc/avr/4.7.0/avr6/libgcc.a(_copy_data.o)
__data_start                                      /usr/lib/gcc/avr/4.7.0/avr6/libgcc.a(_copy_data.o)
__divsf3                                          /usr/lib/gcc/avr/4.7.0/avr6/libgcc.a(_div_sf.o)
                                                  /home/yura/Projects/EclipseArduinoMega2560Template/ArduinoCoreLibrary/Mega2560/libArduinoCoreLibrary.a(Print.o)
__do_clear_bss                                    /usr/lib/gcc/avr/4.7.0/avr6/libgcc.a(_clear_bss.o)
                                                  /usr/lib/gcc/avr/4.7.0/../../../avr/lib/avr6/libc.a(malloc.o)
                                                  /home/yura/Projects/EclipseArduinoMega2560Template/ArduinoCoreLibrary/Mega2560/libArduinoCoreLibrary.a(wiring.o)
                                                  /home/yura/Projects/EclipseArduinoMega2560Template/ArduinoCoreLibrary/Mega2560/libArduinoCoreLibrary.a(WString.o)
                                                  /home/yura/Projects/EclipseArduinoMega2560Template/ArduinoCoreLibrary/Mega2560/libArduinoCoreLibrary.a(HardwareSerial.o)
__do_copy_data                                    /usr/lib/gcc/avr/4.7.0/avr6/libgcc.a(_copy_data.o)
                                                  /usr/lib/gcc/avr/4.7.0/../../../avr/lib/avr6/libc.a(malloc.o)
                                                  /usr/lib/gcc/avr/4.7.0/avr6/libgcc.a(_thenan_sf.o)
                                                  /home/yura/Projects/EclipseArduinoMega2560Template/ArduinoCoreLibrary/Mega2560/libArduinoCoreLibrary.a(WString.o)
                                                  /home/yura/Projects/EclipseArduinoMega2560Template/ArduinoCoreLibrary/Mega2560/libArduinoCoreLibrary.a(Print.o)
                                                  /home/yura/Projects/EclipseArduinoMega2560Template/ArduinoCoreLibrary/Mega2560/libArduinoCoreLibrary.a(HardwareSerial.o)
                                                  ./main.o
__do_global_ctors                                 /usr/lib/gcc/avr/4.7.0/avr6/libgcc.a(_ctors.o)
                                                  /home/yura/Projects/EclipseArduinoMega2560Template/ArduinoCoreLibrary/Mega2560/libArduinoCoreLibrary.a(HardwareSerial.o)
__epilogue_restores__                             /usr/lib/gcc/avr/4.7.0/avr6/libgcc.a(_epilogue.o)
                                                  /usr/lib/gcc/avr/4.7.0/avr6/libgcc.a(_usi_to_sf.o)
                                                  /usr/lib/gcc/avr/4.7.0/avr6/libgcc.a(_sf_to_si.o)
                                                  /usr/lib/gcc/avr/4.7.0/avr6/libgcc.a(_si_to_sf.o)
                                                  /usr/lib/gcc/avr/4.7.0/avr6/libgcc.a(_unord_sf.o)
                                                  /usr/lib/gcc/avr/4.7.0/avr6/libgcc.a(_le_sf.o)
                                                  /usr/lib/gcc/avr/4.7.0/avr6/libgcc.a(_lt_sf.o)
                                                  /usr/lib/gcc/avr/4.7.0/avr6/libgcc.a(_ge_sf.o)
                                                  /usr/lib/gcc/avr/4.7.0/avr6/libgcc.a(_gt_sf.o)
                                                  /usr/lib/gcc/avr/4.7.0/avr6/libgcc.a(_div_sf.o)
                                                  /usr/lib/gcc/avr/4.7.0/avr6/libgcc.a(_mul_sf.o)
                                                  /usr/lib/gcc/avr/4.7.0/avr6/libgcc.a(_addsub_sf.o)
__fixsfsi                                         /usr/lib/gcc/avr/4.7.0/avr6/libgcc.a(_sf_to_si.o)
                                                  /usr/lib/gcc/avr/4.7.0/avr6/libgcc.a(_fixunssfsi.o)
                                                  /home/yura/Projects/EclipseArduinoMega2560Template/ArduinoCoreLibrary/Mega2560/libArduinoCoreLibrary.a(Print.o)
__fixunssfsi                                      /usr/lib/gcc/avr/4.7.0/avr6/libgcc.a(_fixunssfsi.o)
                                                  /home/yura/Projects/EclipseArduinoMega2560Template/ArduinoCoreLibrary/Mega2560/libArduinoCoreLibrary.a(Print.o)
__floatsisf                                       /usr/lib/gcc/avr/4.7.0/avr6/libgcc.a(_si_to_sf.o)
                                                  /home/yura/Projects/EclipseArduinoMega2560Template/ArduinoCoreLibrary/Mega2560/libArduinoCoreLibrary.a(Print.o)
__floatunsisf                                     /usr/lib/gcc/avr/4.7.0/avr6/libgcc.a(_usi_to_sf.o)
                                                  /home/yura/Projects/EclipseArduinoMega2560Template/ArduinoCoreLibrary/Mega2560/libArduinoCoreLibrary.a(Print.o)
__flp                                             /usr/lib/gcc/avr/4.7.0/../../../avr/lib/avr6/libc.a(realloc.o)
                                                  /usr/lib/gcc/avr/4.7.0/../../../avr/lib/avr6/libc.a(malloc.o)
__fpcmp_parts_f                                   /usr/lib/gcc/avr/4.7.0/avr6/libgcc.a(_fpcmp_parts_sf.o)
                                                  /usr/lib/gcc/avr/4.7.0/avr6/libgcc.a(_le_sf.o)
                                                  /usr/lib/gcc/avr/4.7.0/avr6/libgcc.a(_lt_sf.o)
                                                  /usr/lib/gcc/avr/4.7.0/avr6/libgcc.a(_ge_sf.o)
                                                  /usr/lib/gcc/avr/4.7.0/avr6/libgcc.a(_gt_sf.o)
__gesf2                                           /usr/lib/gcc/avr/4.7.0/avr6/libgcc.a(_ge_sf.o)
                                                  /usr/lib/gcc/avr/4.7.0/avr6/libgcc.a(_fixunssfsi.o)
__gtsf2                                           /usr/lib/gcc/avr/4.7.0/avr6/libgcc.a(_gt_sf.o)
                                                  /home/yura/Projects/EclipseArduinoMega2560Template/ArduinoCoreLibrary/Mega2560/libArduinoCoreLibrary.a(Print.o)
__heap_end                                        /usr/lib/gcc/avr/4.7.0/../../../avr/lib/avr6/crtm2560.o
                                                  /usr/lib/gcc/avr/4.7.0/../../../avr/lib/avr6/libc.a(malloc.o)
__heap_start                                      /usr/lib/gcc/avr/4.7.0/../../../avr/lib/avr6/libc.a(malloc.o)
__init                                            /usr/lib/gcc/avr/4.7.0/../../../avr/lib/avr6/crtm2560.o
__lesf2                                           /usr/lib/gcc/avr/4.7.0/avr6/libgcc.a(_le_sf.o)
                                                  /home/yura/Projects/EclipseArduinoMega2560Template/ArduinoCoreLibrary/Mega2560/libArduinoCoreLibrary.a(Print.o)
__ltsf2                                           /usr/lib/gcc/avr/4.7.0/avr6/libgcc.a(_lt_sf.o)
                                                  /home/yura/Projects/EclipseArduinoMega2560Template/ArduinoCoreLibrary/Mega2560/libArduinoCoreLibrary.a(Print.o)
__malloc_heap_end                                 /usr/lib/gcc/avr/4.7.0/../../../avr/lib/avr6/libc.a(malloc.o)
                                                  /usr/lib/gcc/avr/4.7.0/../../../avr/lib/avr6/libc.a(realloc.o)
__malloc_heap_start                               /usr/lib/gcc/avr/4.7.0/../../../avr/lib/avr6/libc.a(malloc.o)
__malloc_margin                                   /usr/lib/gcc/avr/4.7.0/../../../avr/lib/avr6/libc.a(malloc.o)
                                                  /usr/lib/gcc/avr/4.7.0/../../../avr/lib/avr6/libc.a(realloc.o)
__mulsf3                                          /usr/lib/gcc/avr/4.7.0/avr6/libgcc.a(_mul_sf.o)
                                                  /home/yura/Projects/EclipseArduinoMega2560Template/ArduinoCoreLibrary/Mega2560/libArduinoCoreLibrary.a(Print.o)
__mulsi_const_10                                  /usr/lib/gcc/avr/4.7.0/../../../avr/lib/avr6/libc.a(mulsi10.o)
                                                  /usr/lib/gcc/avr/4.7.0/../../../avr/lib/avr6/libc.a(atol.o)
__pack_f                                          /usr/lib/gcc/avr/4.7.0/avr6/libgcc.a(_pack_sf.o)
                                                  /usr/lib/gcc/avr/4.7.0/avr6/libgcc.a(_usi_to_sf.o)
                                                  /usr/lib/gcc/avr/4.7.0/avr6/libgcc.a(_si_to_sf.o)
                                                  /usr/lib/gcc/avr/4.7.0/avr6/libgcc.a(_div_sf.o)
                                                  /usr/lib/gcc/avr/4.7.0/avr6/libgcc.a(_mul_sf.o)
                                                  /usr/lib/gcc/avr/4.7.0/avr6/libgcc.a(_addsub_sf.o)
__prologue_saves__                                /usr/lib/gcc/avr/4.7.0/avr6/libgcc.a(_prologue.o)
                                                  /usr/lib/gcc/avr/4.7.0/avr6/libgcc.a(_usi_to_sf.o)
                                                  /usr/lib/gcc/avr/4.7.0/avr6/libgcc.a(_sf_to_si.o)
                                                  /usr/lib/gcc/avr/4.7.0/avr6/libgcc.a(_si_to_sf.o)
                                                  /usr/lib/gcc/avr/4.7.0/avr6/libgcc.a(_unord_sf.o)
                                                  /usr/lib/gcc/avr/4.7.0/avr6/libgcc.a(_le_sf.o)
                                                  /usr/lib/gcc/avr/4.7.0/avr6/libgcc.a(_lt_sf.o)
                                                  /usr/lib/gcc/avr/4.7.0/avr6/libgcc.a(_ge_sf.o)
                                                  /usr/lib/gcc/avr/4.7.0/avr6/libgcc.a(_gt_sf.o)
                                                  /usr/lib/gcc/avr/4.7.0/avr6/libgcc.a(_div_sf.o)
                                                  /usr/lib/gcc/avr/4.7.0/avr6/libgcc.a(_mul_sf.o)
                                                  /usr/lib/gcc/avr/4.7.0/avr6/libgcc.a(_addsub_sf.o)
__stack                                           /usr/lib/gcc/avr/4.7.0/../../../avr/lib/avr6/crtm2560.o
__subsf3                                          /usr/lib/gcc/avr/4.7.0/avr6/libgcc.a(_addsub_sf.o)
                                                  /usr/lib/gcc/avr/4.7.0/avr6/libgcc.a(_fixunssfsi.o)
                                                  /home/yura/Projects/EclipseArduinoMega2560Template/ArduinoCoreLibrary/Mega2560/libArduinoCoreLibrary.a(Print.o)
__tablejump_elpm__                                /usr/lib/gcc/avr/4.7.0/avr6/libgcc.a(_tablejump_elpm.o)
                                                  /usr/lib/gcc/avr/4.7.0/avr6/libgcc.a(_ctors.o)
__thenan_sf                                       /usr/lib/gcc/avr/4.7.0/avr6/libgcc.a(_thenan_sf.o)
                                                  /usr/lib/gcc/avr/4.7.0/avr6/libgcc.a(_div_sf.o)
                                                  /usr/lib/gcc/avr/4.7.0/avr6/libgcc.a(_mul_sf.o)
                                                  /usr/lib/gcc/avr/4.7.0/avr6/libgcc.a(_addsub_sf.o)
__udivmodhi4                                      /usr/lib/gcc/avr/4.7.0/avr6/libgcc.a(_udivmodhi4.o)
                                                  /usr/lib/gcc/avr/4.7.0/../../../avr/lib/avr6/libc.a(utoa.o)
                                                  /usr/lib/gcc/avr/4.7.0/../../../avr/lib/avr6/libc.a(itoa.o)
__udivmodsi4                                      /usr/lib/gcc/avr/4.7.0/avr6/libgcc.a(_udivmodsi4.o)
                                                  /usr/lib/gcc/avr/4.7.0/../../../avr/lib/avr6/libc.a(ultoa.o)
                                                  /usr/lib/gcc/avr/4.7.0/../../../avr/lib/avr6/libc.a(ltoa.o)
                                                  /home/yura/Projects/EclipseArduinoMega2560Template/ArduinoCoreLibrary/Mega2560/libArduinoCoreLibrary.a(Print.o)
                                                  /home/yura/Projects/EclipseArduinoMega2560Template/ArduinoCoreLibrary/Mega2560/libArduinoCoreLibrary.a(HardwareSerial.o)
__unordsf2                                        /usr/lib/gcc/avr/4.7.0/avr6/libgcc.a(_unord_sf.o)
                                                  /home/yura/Projects/EclipseArduinoMega2560Template/ArduinoCoreLibrary/Mega2560/libArduinoCoreLibrary.a(Print.o)
__unpack_f                                        /usr/lib/gcc/avr/4.7.0/avr6/libgcc.a(_unpack_sf.o)
                                                  /usr/lib/gcc/avr/4.7.0/avr6/libgcc.a(_sf_to_si.o)
                                                  /usr/lib/gcc/avr/4.7.0/avr6/libgcc.a(_unord_sf.o)
                                                  /usr/lib/gcc/avr/4.7.0/avr6/libgcc.a(_le_sf.o)
                                                  /usr/lib/gcc/avr/4.7.0/avr6/libgcc.a(_lt_sf.o)
                                                  /usr/lib/gcc/avr/4.7.0/avr6/libgcc.a(_ge_sf.o)
                                                  /usr/lib/gcc/avr/4.7.0/avr6/libgcc.a(_gt_sf.o)
                                                  /usr/lib/gcc/avr/4.7.0/avr6/libgcc.a(_div_sf.o)
                                                  /usr/lib/gcc/avr/4.7.0/avr6/libgcc.a(_mul_sf.o)
                                                  /usr/lib/gcc/avr/4.7.0/avr6/libgcc.a(_addsub_sf.o)
__vector_1                                        /usr/lib/gcc/avr/4.7.0/../../../avr/lib/avr6/crtm2560.o
__vector_10                                       /usr/lib/gcc/avr/4.7.0/../../../avr/lib/avr6/crtm2560.o
__vector_11                                       /usr/lib/gcc/avr/4.7.0/../../../avr/lib/avr6/crtm2560.o
__vector_12                                       /usr/lib/gcc/avr/4.7.0/../../../avr/lib/avr6/crtm2560.o
__vector_13                                       /usr/lib/gcc/avr/4.7.0/../../../avr/lib/avr6/crtm2560.o
__vector_14                                       /usr/lib/gcc/avr/4.7.0/../../../avr/lib/avr6/crtm2560.o
__vector_15                                       /usr/lib/gcc/avr/4.7.0/../../../avr/lib/avr6/crtm2560.o
__vector_16                                       /usr/lib/gcc/avr/4.7.0/../../../avr/lib/avr6/crtm2560.o
__vector_17                                       /usr/lib/gcc/avr/4.7.0/../../../avr/lib/avr6/crtm2560.o
__vector_18                                       /usr/lib/gcc/avr/4.7.0/../../../avr/lib/avr6/crtm2560.o
__vector_19                                       /usr/lib/gcc/avr/4.7.0/../../../avr/lib/avr6/crtm2560.o
__vector_2                                        /usr/lib/gcc/avr/4.7.0/../../../avr/lib/avr6/crtm2560.o
__vector_20                                       /usr/lib/gcc/avr/4.7.0/../../../avr/lib/avr6/crtm2560.o
__vector_21                                       /usr/lib/gcc/avr/4.7.0/../../../avr/lib/avr6/crtm2560.o
__vector_22                                       /usr/lib/gcc/avr/4.7.0/../../../avr/lib/avr6/crtm2560.o
__vector_23                                       /home/yura/Projects/EclipseArduinoMega2560Template/ArduinoCoreLibrary/Mega2560/libArduinoCoreLibrary.a(wiring.o)
                                                  /usr/lib/gcc/avr/4.7.0/../../../avr/lib/avr6/crtm2560.o
__vector_24                                       /usr/lib/gcc/avr/4.7.0/../../../avr/lib/avr6/crtm2560.o
__vector_25                                       /home/yura/Projects/EclipseArduinoMega2560Template/ArduinoCoreLibrary/Mega2560/libArduinoCoreLibrary.a(HardwareSerial.o)
                                                  /usr/lib/gcc/avr/4.7.0/../../../avr/lib/avr6/crtm2560.o
__vector_26                                       /home/yura/Projects/EclipseArduinoMega2560Template/ArduinoCoreLibrary/Mega2560/libArduinoCoreLibrary.a(HardwareSerial.o)
                                                  /usr/lib/gcc/avr/4.7.0/../../../avr/lib/avr6/crtm2560.o
__vector_27                                       /usr/lib/gcc/avr/4.7.0/../../../avr/lib/avr6/crtm2560.o
__vector_28                                       /usr/lib/gcc/avr/4.7.0/../../../avr/lib/avr6/crtm2560.o
__vector_29                                       /usr/lib/gcc/avr/4.7.0/../../../avr/lib/avr6/crtm2560.o
__vector_3                                        /usr/lib/gcc/avr/4.7.0/../../../avr/lib/avr6/crtm2560.o
__vector_30                                       /usr/lib/gcc/avr/4.7.0/../../../avr/lib/avr6/crtm2560.o
__vector_31                                       /usr/lib/gcc/avr/4.7.0/../../../avr/lib/avr6/crtm2560.o
__vector_32                                       /usr/lib/gcc/avr/4.7.0/../../../avr/lib/avr6/crtm2560.o
__vector_33                                       /usr/lib/gcc/avr/4.7.0/../../../avr/lib/avr6/crtm2560.o
__vector_34                                       /usr/lib/gcc/avr/4.7.0/../../../avr/lib/avr6/crtm2560.o
__vector_35                                       /usr/lib/gcc/avr/4.7.0/../../../avr/lib/avr6/crtm2560.o
__vector_36                                       /home/yura/Projects/EclipseArduinoMega2560Template/ArduinoCoreLibrary/Mega2560/libArduinoCoreLibrary.a(HardwareSerial.o)
                                                  /usr/lib/gcc/avr/4.7.0/../../../avr/lib/avr6/crtm2560.o
__vector_37                                       /home/yura/Projects/EclipseArduinoMega2560Template/ArduinoCoreLibrary/Mega2560/libArduinoCoreLibrary.a(HardwareSerial.o)
                                                  /usr/lib/gcc/avr/4.7.0/../../../avr/lib/avr6/crtm2560.o
__vector_38                                       /usr/lib/gcc/avr/4.7.0/../../../avr/lib/avr6/crtm2560.o
__vector_39                                       /usr/lib/gcc/avr/4.7.0/../../../avr/lib/avr6/crtm2560.o
__vector_4                                        /usr/lib/gcc/avr/4.7.0/../../../avr/lib/avr6/crtm2560.o
__vector_40                                       /usr/lib/gcc/avr/4.7.0/../../../avr/lib/avr6/crtm2560.o
__vector_41                                       /usr/lib/gcc/avr/4.7.0/../../../avr/lib/avr6/crtm2560.o
__vector_42                                       /usr/lib/gcc/avr/4.7.0/../../../avr/lib/avr6/crtm2560.o
__vector_43                                       /usr/lib/gcc/avr/4.7.0/../../../avr/lib/avr6/crtm2560.o
__vector_44                                       /usr/lib/gcc/avr/4.7.0/../../../avr/lib/avr6/crtm2560.o
__vector_45                                       /usr/lib/gcc/avr/4.7.0/../../../avr/lib/avr6/crtm2560.o
__vector_46                                       /usr/lib/gcc/avr/4.7.0/../../../avr/lib/avr6/crtm2560.o
__vector_47                                       /usr/lib/gcc/avr/4.7.0/../../../avr/lib/avr6/crtm2560.o
__vector_48                                       /usr/lib/gcc/avr/4.7.0/../../../avr/lib/avr6/crtm2560.o
__vector_49                                       /usr/lib/gcc/avr/4.7.0/../../../avr/lib/avr6/crtm2560.o
__vector_5                                        /usr/lib/gcc/avr/4.7.0/../../../avr/lib/avr6/crtm2560.o
__vector_50                                       /usr/lib/gcc/avr/4.7.0/../../../avr/lib/avr6/crtm2560.o
__vector_51                                       /home/yura/Projects/EclipseArduinoMega2560Template/ArduinoCoreLibrary/Mega2560/libArduinoCoreLibrary.a(HardwareSerial.o)
                                                  /usr/lib/gcc/avr/4.7.0/../../../avr/lib/avr6/crtm2560.o
__vector_52                                       /home/yura/Projects/EclipseArduinoMega2560Template/ArduinoCoreLibrary/Mega2560/libArduinoCoreLibrary.a(HardwareSerial.o)
                                                  /usr/lib/gcc/avr/4.7.0/../../../avr/lib/avr6/crtm2560.o
__vector_53                                       /usr/lib/gcc/avr/4.7.0/../../../avr/lib/avr6/crtm2560.o
__vector_54                                       /home/yura/Projects/EclipseArduinoMega2560Template/ArduinoCoreLibrary/Mega2560/libArduinoCoreLibrary.a(HardwareSerial.o)
                                                  /usr/lib/gcc/avr/4.7.0/../../../avr/lib/avr6/crtm2560.o
__vector_55                                       /home/yura/Projects/EclipseArduinoMega2560Template/ArduinoCoreLibrary/Mega2560/libArduinoCoreLibrary.a(HardwareSerial.o)
                                                  /usr/lib/gcc/avr/4.7.0/../../../avr/lib/avr6/crtm2560.o
__vector_56                                       /usr/lib/gcc/avr/4.7.0/../../../avr/lib/avr6/crtm2560.o
__vector_6                                        /usr/lib/gcc/avr/4.7.0/../../../avr/lib/avr6/crtm2560.o
__vector_7                                        /usr/lib/gcc/avr/4.7.0/../../../avr/lib/avr6/crtm2560.o
__vector_8                                        /usr/lib/gcc/avr/4.7.0/../../../avr/lib/avr6/crtm2560.o
__vector_9                                        /usr/lib/gcc/avr/4.7.0/../../../avr/lib/avr6/crtm2560.o
__vector_default                                  /usr/lib/gcc/avr/4.7.0/../../../avr/lib/avr6/crtm2560.o
__vectors                                         /usr/lib/gcc/avr/4.7.0/../../../avr/lib/avr6/crtm2560.o
_exit                                             /usr/lib/gcc/avr/4.7.0/avr6/libgcc.a(_exit.o)
atol                                              /usr/lib/gcc/avr/4.7.0/../../../avr/lib/avr6/libc.a(atol.o)
                                                  /home/yura/Projects/EclipseArduinoMega2560Template/ArduinoCoreLibrary/Mega2560/libArduinoCoreLibrary.a(WString.o)
delay                                             /home/yura/Projects/EclipseArduinoMega2560Template/ArduinoCoreLibrary/Mega2560/libArduinoCoreLibrary.a(wiring.o)
                                                  ./main.o
delayMicroseconds                                 /home/yura/Projects/EclipseArduinoMega2560Template/ArduinoCoreLibrary/Mega2560/libArduinoCoreLibrary.a(wiring.o)
exit                                              /usr/lib/gcc/avr/4.7.0/avr6/libgcc.a(_exit.o)
                                                  /usr/lib/gcc/avr/4.7.0/../../../avr/lib/avr6/crtm2560.o
free                                              /usr/lib/gcc/avr/4.7.0/../../../avr/lib/avr6/libc.a(malloc.o)
                                                  /usr/lib/gcc/avr/4.7.0/../../../avr/lib/avr6/libc.a(realloc.o)
                                                  /home/yura/Projects/EclipseArduinoMega2560Template/ArduinoCoreLibrary/Mega2560/libArduinoCoreLibrary.a(new.o)
                                                  /home/yura/Projects/EclipseArduinoMega2560Template/ArduinoCoreLibrary/Mega2560/libArduinoCoreLibrary.a(WString.o)
init                                              /home/yura/Projects/EclipseArduinoMega2560Template/ArduinoCoreLibrary/Mega2560/libArduinoCoreLibrary.a(wiring.o)
                                                  /home/yura/Projects/EclipseArduinoMega2560Template/ArduinoCoreLibrary/Mega2560/libArduinoCoreLibrary.a(main.o)
isspace                                           /usr/lib/gcc/avr/4.7.0/../../../avr/lib/avr6/libc.a(isspace.o)
                                                  /home/yura/Projects/EclipseArduinoMega2560Template/ArduinoCoreLibrary/Mega2560/libArduinoCoreLibrary.a(WString.o)
itoa                                              /usr/lib/gcc/avr/4.7.0/../../../avr/lib/avr6/libc.a(itoa.o)
                                                  /home/yura/Projects/EclipseArduinoMega2560Template/ArduinoCoreLibrary/Mega2560/libArduinoCoreLibrary.a(WString.o)
loop                                              ./main.o
                                                  /home/yura/Projects/EclipseArduinoMega2560Template/ArduinoCoreLibrary/Mega2560/libArduinoCoreLibrary.a(main.o)
ltoa                                              /usr/lib/gcc/avr/4.7.0/../../../avr/lib/avr6/libc.a(ltoa.o)
                                                  /home/yura/Projects/EclipseArduinoMega2560Template/ArduinoCoreLibrary/Mega2560/libArduinoCoreLibrary.a(WString.o)
main                                              /home/yura/Projects/EclipseArduinoMega2560Template/ArduinoCoreLibrary/Mega2560/libArduinoCoreLibrary.a(main.o)
                                                  /usr/lib/gcc/avr/4.7.0/../../../avr/lib/avr6/crtm2560.o
malloc                                            /usr/lib/gcc/avr/4.7.0/../../../avr/lib/avr6/libc.a(malloc.o)
                                                  /usr/lib/gcc/avr/4.7.0/../../../avr/lib/avr6/libc.a(realloc.o)
                                                  /home/yura/Projects/EclipseArduinoMega2560Template/ArduinoCoreLibrary/Mega2560/libArduinoCoreLibrary.a(new.o)
memcpy                                            /usr/lib/gcc/avr/4.7.0/../../../avr/lib/avr6/libc.a(memcpy.o)
                                                  /usr/lib/gcc/avr/4.7.0/../../../avr/lib/avr6/libc.a(memmove.o)
                                                  /usr/lib/gcc/avr/4.7.0/../../../avr/lib/avr6/libc.a(realloc.o)
                                                  /home/yura/Projects/EclipseArduinoMega2560Template/ArduinoCoreLibrary/Mega2560/libArduinoCoreLibrary.a(WString.o)
memmove                                           /usr/lib/gcc/avr/4.7.0/../../../avr/lib/avr6/libc.a(memmove.o)
                                                  /home/yura/Projects/EclipseArduinoMega2560Template/ArduinoCoreLibrary/Mega2560/libArduinoCoreLibrary.a(WString.o)
micros                                            /home/yura/Projects/EclipseArduinoMega2560Template/ArduinoCoreLibrary/Mega2560/libArduinoCoreLibrary.a(wiring.o)
millis                                            /home/yura/Projects/EclipseArduinoMega2560Template/ArduinoCoreLibrary/Mega2560/libArduinoCoreLibrary.a(wiring.o)
operator delete(void*)                            /home/yura/Projects/EclipseArduinoMega2560Template/ArduinoCoreLibrary/Mega2560/libArduinoCoreLibrary.a(new.o)
operator new(unsigned int)                        /home/yura/Projects/EclipseArduinoMega2560Template/ArduinoCoreLibrary/Mega2560/libArduinoCoreLibrary.a(new.o)
operator+(StringSumHelper const&, String const&)  /home/yura/Projects/EclipseArduinoMega2560Template/ArduinoCoreLibrary/Mega2560/libArduinoCoreLibrary.a(WString.o)
operator+(StringSumHelper const&, char const*)    /home/yura/Projects/EclipseArduinoMega2560Template/ArduinoCoreLibrary/Mega2560/libArduinoCoreLibrary.a(WString.o)
operator+(StringSumHelper const&, char)           /home/yura/Projects/EclipseArduinoMega2560Template/ArduinoCoreLibrary/Mega2560/libArduinoCoreLibrary.a(WString.o)
operator+(StringSumHelper const&, int)            /home/yura/Projects/EclipseArduinoMega2560Template/ArduinoCoreLibrary/Mega2560/libArduinoCoreLibrary.a(WString.o)
operator+(StringSumHelper const&, long)           /home/yura/Projects/EclipseArduinoMega2560Template/ArduinoCoreLibrary/Mega2560/libArduinoCoreLibrary.a(WString.o)
operator+(StringSumHelper const&, unsigned char)  /home/yura/Projects/EclipseArduinoMega2560Template/ArduinoCoreLibrary/Mega2560/libArduinoCoreLibrary.a(WString.o)
operator+(StringSumHelper const&, unsigned int)   /home/yura/Projects/EclipseArduinoMega2560Template/ArduinoCoreLibrary/Mega2560/libArduinoCoreLibrary.a(WString.o)
operator+(StringSumHelper const&, unsigned long)  /home/yura/Projects/EclipseArduinoMega2560Template/ArduinoCoreLibrary/Mega2560/libArduinoCoreLibrary.a(WString.o)
realloc                                           /usr/lib/gcc/avr/4.7.0/../../../avr/lib/avr6/libc.a(realloc.o)
                                                  /home/yura/Projects/EclipseArduinoMega2560Template/ArduinoCoreLibrary/Mega2560/libArduinoCoreLibrary.a(WString.o)
rx_buffer                                         /home/yura/Projects/EclipseArduinoMega2560Template/ArduinoCoreLibrary/Mega2560/libArduinoCoreLibrary.a(HardwareSerial.o)
rx_buffer1                                        /home/yura/Projects/EclipseArduinoMega2560Template/ArduinoCoreLibrary/Mega2560/libArduinoCoreLibrary.a(HardwareSerial.o)
rx_buffer2                                        /home/yura/Projects/EclipseArduinoMega2560Template/ArduinoCoreLibrary/Mega2560/libArduinoCoreLibrary.a(HardwareSerial.o)
rx_buffer3                                        /home/yura/Projects/EclipseArduinoMega2560Template/ArduinoCoreLibrary/Mega2560/libArduinoCoreLibrary.a(HardwareSerial.o)
serialEvent()                                     /home/yura/Projects/EclipseArduinoMega2560Template/ArduinoCoreLibrary/Mega2560/libArduinoCoreLibrary.a(HardwareSerial.o)
serialEvent1()                                    /home/yura/Projects/EclipseArduinoMega2560Template/ArduinoCoreLibrary/Mega2560/libArduinoCoreLibrary.a(HardwareSerial.o)
serialEvent2()                                    /home/yura/Projects/EclipseArduinoMega2560Template/ArduinoCoreLibrary/Mega2560/libArduinoCoreLibrary.a(HardwareSerial.o)
serialEvent3()                                    /home/yura/Projects/EclipseArduinoMega2560Template/ArduinoCoreLibrary/Mega2560/libArduinoCoreLibrary.a(HardwareSerial.o)
serialEventRun()                                  /home/yura/Projects/EclipseArduinoMega2560Template/ArduinoCoreLibrary/Mega2560/libArduinoCoreLibrary.a(HardwareSerial.o)
                                                  /home/yura/Projects/EclipseArduinoMega2560Template/ArduinoCoreLibrary/Mega2560/libArduinoCoreLibrary.a(main.o)
setup                                             ./main.o
                                                  /home/yura/Projects/EclipseArduinoMega2560Template/ArduinoCoreLibrary/Mega2560/libArduinoCoreLibrary.a(main.o)
store_char(unsigned char, ring_buffer*)           /home/yura/Projects/EclipseArduinoMega2560Template/ArduinoCoreLibrary/Mega2560/libArduinoCoreLibrary.a(HardwareSerial.o)
strchr                                            /usr/lib/gcc/avr/4.7.0/../../../avr/lib/avr6/libc.a(strchr.o)
                                                  /home/yura/Projects/EclipseArduinoMega2560Template/ArduinoCoreLibrary/Mega2560/libArduinoCoreLibrary.a(WString.o)
strcmp                                            /usr/lib/gcc/avr/4.7.0/../../../avr/lib/avr6/libc.a(strcmp.o)
                                                  /home/yura/Projects/EclipseArduinoMega2560Template/ArduinoCoreLibrary/Mega2560/libArduinoCoreLibrary.a(WString.o)
strcpy                                            /usr/lib/gcc/avr/4.7.0/../../../avr/lib/avr6/libc.a(strcpy.o)
                                                  /home/yura/Projects/EclipseArduinoMega2560Template/ArduinoCoreLibrary/Mega2560/libArduinoCoreLibrary.a(WString.o)
strncmp                                           /usr/lib/gcc/avr/4.7.0/../../../avr/lib/avr6/libc.a(strncmp.o)
                                                  /home/yura/Projects/EclipseArduinoMega2560Template/ArduinoCoreLibrary/Mega2560/libArduinoCoreLibrary.a(WString.o)
strncpy                                           /usr/lib/gcc/avr/4.7.0/../../../avr/lib/avr6/libc.a(strncpy.o)
                                                  /home/yura/Projects/EclipseArduinoMega2560Template/ArduinoCoreLibrary/Mega2560/libArduinoCoreLibrary.a(WString.o)
strrchr                                           /usr/lib/gcc/avr/4.7.0/../../../avr/lib/avr6/libc.a(strrchr.o)
                                                  /home/yura/Projects/EclipseArduinoMega2560Template/ArduinoCoreLibrary/Mega2560/libArduinoCoreLibrary.a(WString.o)
strrev                                            /usr/lib/gcc/avr/4.7.0/../../../avr/lib/avr6/libc.a(strrev.o)
                                                  /usr/lib/gcc/avr/4.7.0/../../../avr/lib/avr6/libc.a(utoa.o)
                                                  /usr/lib/gcc/avr/4.7.0/../../../avr/lib/avr6/libc.a(ultoa.o)
                                                  /usr/lib/gcc/avr/4.7.0/../../../avr/lib/avr6/libc.a(ltoa.o)
                                                  /usr/lib/gcc/avr/4.7.0/../../../avr/lib/avr6/libc.a(itoa.o)
strstr                                            /usr/lib/gcc/avr/4.7.0/../../../avr/lib/avr6/libc.a(strstr.o)
                                                  /home/yura/Projects/EclipseArduinoMega2560Template/ArduinoCoreLibrary/Mega2560/libArduinoCoreLibrary.a(WString.o)
timer0_millis                                     /home/yura/Projects/EclipseArduinoMega2560Template/ArduinoCoreLibrary/Mega2560/libArduinoCoreLibrary.a(wiring.o)
timer0_overflow_count                             /home/yura/Projects/EclipseArduinoMega2560Template/ArduinoCoreLibrary/Mega2560/libArduinoCoreLibrary.a(wiring.o)
tolower                                           /usr/lib/gcc/avr/4.7.0/../../../avr/lib/avr6/libc.a(tolower.o)
                                                  /home/yura/Projects/EclipseArduinoMega2560Template/ArduinoCoreLibrary/Mega2560/libArduinoCoreLibrary.a(WString.o)
toupper                                           /usr/lib/gcc/avr/4.7.0/../../../avr/lib/avr6/libc.a(toupper.o)
                                                  /home/yura/Projects/EclipseArduinoMega2560Template/ArduinoCoreLibrary/Mega2560/libArduinoCoreLibrary.a(WString.o)
tx_buffer                                         /home/yura/Projects/EclipseArduinoMega2560Template/ArduinoCoreLibrary/Mega2560/libArduinoCoreLibrary.a(HardwareSerial.o)
tx_buffer1                                        /home/yura/Projects/EclipseArduinoMega2560Template/ArduinoCoreLibrary/Mega2560/libArduinoCoreLibrary.a(HardwareSerial.o)
tx_buffer2                                        /home/yura/Projects/EclipseArduinoMega2560Template/ArduinoCoreLibrary/Mega2560/libArduinoCoreLibrary.a(HardwareSerial.o)
tx_buffer3                                        /home/yura/Projects/EclipseArduinoMega2560Template/ArduinoCoreLibrary/Mega2560/libArduinoCoreLibrary.a(HardwareSerial.o)
ultoa                                             /usr/lib/gcc/avr/4.7.0/../../../avr/lib/avr6/libc.a(ultoa.o)
                                                  /home/yura/Projects/EclipseArduinoMega2560Template/ArduinoCoreLibrary/Mega2560/libArduinoCoreLibrary.a(WString.o)
utoa                                              /usr/lib/gcc/avr/4.7.0/../../../avr/lib/avr6/libc.a(utoa.o)
                                                  /home/yura/Projects/EclipseArduinoMega2560Template/ArduinoCoreLibrary/Mega2560/libArduinoCoreLibrary.a(WString.o)
vtable for HardwareSerial                         /home/yura/Projects/EclipseArduinoMega2560Template/ArduinoCoreLibrary/Mega2560/libArduinoCoreLibrary.a(HardwareSerial.o)
vtable for Print                                  /home/yura/Projects/EclipseArduinoMega2560Template/ArduinoCoreLibrary/Mega2560/libArduinoCoreLibrary.a(Print.o)
vtable for Stream                                 /home/yura/Projects/EclipseArduinoMega2560Template/ArduinoCoreLibrary/Mega2560/libArduinoCoreLibrary.a(HardwareSerial.o)
